Archive member included to satisfy reference by file (symbol)

C:/Users/yinca/STM32CubeIDE_1.13.1/STM32CubeIDE/plugins/com.st.stm32cube.ide.mcu.externaltools.gnu-tools-for-stm32.11.3.rel1.win32_1.1.0.202305231506/tools/bin/../lib/gcc/arm-none-eabi/11.3.1/../../../../arm-none-eabi/lib/thumb/v7e-m+fp/hard\libc_nano.a(libc_a-exit.o)
                              C:/Users/yinca/STM32CubeIDE_1.13.1/STM32CubeIDE/plugins/com.st.stm32cube.ide.mcu.externaltools.gnu-tools-for-stm32.11.3.rel1.win32_1.1.0.202305231506/tools/bin/../lib/gcc/arm-none-eabi/11.3.1/../../../../arm-none-eabi/lib/thumb/v7e-m+fp/hard/crt0.o (exit)
C:/Users/yinca/STM32CubeIDE_1.13.1/STM32CubeIDE/plugins/com.st.stm32cube.ide.mcu.externaltools.gnu-tools-for-stm32.11.3.rel1.win32_1.1.0.202305231506/tools/bin/../lib/gcc/arm-none-eabi/11.3.1/../../../../arm-none-eabi/lib/thumb/v7e-m+fp/hard\libc_nano.a(libc_a-nano-vfprintf_float.o)
                              (_printf_float)
C:/Users/yinca/STM32CubeIDE_1.13.1/STM32CubeIDE/plugins/com.st.stm32cube.ide.mcu.externaltools.gnu-tools-for-stm32.11.3.rel1.win32_1.1.0.202305231506/tools/bin/../lib/gcc/arm-none-eabi/11.3.1/../../../../arm-none-eabi/lib/thumb/v7e-m+fp/hard\libc_nano.a(libc_a-nano-vfprintf_i.o)
                              C:/Users/yinca/STM32CubeIDE_1.13.1/STM32CubeIDE/plugins/com.st.stm32cube.ide.mcu.externaltools.gnu-tools-for-stm32.11.3.rel1.win32_1.1.0.202305231506/tools/bin/../lib/gcc/arm-none-eabi/11.3.1/../../../../arm-none-eabi/lib/thumb/v7e-m+fp/hard\libc_nano.a(libc_a-nano-vfprintf_float.o) (_printf_common)
C:/Users/yinca/STM32CubeIDE_1.13.1/STM32CubeIDE/plugins/com.st.stm32cube.ide.mcu.externaltools.gnu-tools-for-stm32.11.3.rel1.win32_1.1.0.202305231506/tools/bin/../lib/gcc/arm-none-eabi/11.3.1/../../../../arm-none-eabi/lib/thumb/v7e-m+fp/hard\libc_nano.a(libc_a-findfp.o)
                              ./Middlewares/Third_Party/FreeRTOS/Source/tasks.o (__sf)
C:/Users/yinca/STM32CubeIDE_1.13.1/STM32CubeIDE/plugins/com.st.stm32cube.ide.mcu.externaltools.gnu-tools-for-stm32.11.3.rel1.win32_1.1.0.202305231506/tools/bin/../lib/gcc/arm-none-eabi/11.3.1/../../../../arm-none-eabi/lib/thumb/v7e-m+fp/hard\libc_nano.a(libc_a-fwalk.o)
                              C:/Users/yinca/STM32CubeIDE_1.13.1/STM32CubeIDE/plugins/com.st.stm32cube.ide.mcu.externaltools.gnu-tools-for-stm32.11.3.rel1.win32_1.1.0.202305231506/tools/bin/../lib/gcc/arm-none-eabi/11.3.1/../../../../arm-none-eabi/lib/thumb/v7e-m+fp/hard\libc_nano.a(libc_a-findfp.o) (_fwalk_sglue)
C:/Users/yinca/STM32CubeIDE_1.13.1/STM32CubeIDE/plugins/com.st.stm32cube.ide.mcu.externaltools.gnu-tools-for-stm32.11.3.rel1.win32_1.1.0.202305231506/tools/bin/../lib/gcc/arm-none-eabi/11.3.1/../../../../arm-none-eabi/lib/thumb/v7e-m+fp/hard\libc_nano.a(libc_a-sprintf.o)
                              ./Core/Src/main.o (sprintf)
C:/Users/yinca/STM32CubeIDE_1.13.1/STM32CubeIDE/plugins/com.st.stm32cube.ide.mcu.externaltools.gnu-tools-for-stm32.11.3.rel1.win32_1.1.0.202305231506/tools/bin/../lib/gcc/arm-none-eabi/11.3.1/../../../../arm-none-eabi/lib/thumb/v7e-m+fp/hard\libc_nano.a(libc_a-stdio.o)
                              C:/Users/yinca/STM32CubeIDE_1.13.1/STM32CubeIDE/plugins/com.st.stm32cube.ide.mcu.externaltools.gnu-tools-for-stm32.11.3.rel1.win32_1.1.0.202305231506/tools/bin/../lib/gcc/arm-none-eabi/11.3.1/../../../../arm-none-eabi/lib/thumb/v7e-m+fp/hard\libc_nano.a(libc_a-findfp.o) (__sread)
C:/Users/yinca/STM32CubeIDE_1.13.1/STM32CubeIDE/plugins/com.st.stm32cube.ide.mcu.externaltools.gnu-tools-for-stm32.11.3.rel1.win32_1.1.0.202305231506/tools/bin/../lib/gcc/arm-none-eabi/11.3.1/../../../../arm-none-eabi/lib/thumb/v7e-m+fp/hard\libc_nano.a(libc_a-memset.o)
                              C:/Users/yinca/STM32CubeIDE_1.13.1/STM32CubeIDE/plugins/com.st.stm32cube.ide.mcu.externaltools.gnu-tools-for-stm32.11.3.rel1.win32_1.1.0.202305231506/tools/bin/../lib/gcc/arm-none-eabi/11.3.1/../../../../arm-none-eabi/lib/thumb/v7e-m+fp/hard/crt0.o (memset)
C:/Users/yinca/STM32CubeIDE_1.13.1/STM32CubeIDE/plugins/com.st.stm32cube.ide.mcu.externaltools.gnu-tools-for-stm32.11.3.rel1.win32_1.1.0.202305231506/tools/bin/../lib/gcc/arm-none-eabi/11.3.1/../../../../arm-none-eabi/lib/thumb/v7e-m+fp/hard\libc_nano.a(libc_a-localeconv.o)
                              C:/Users/yinca/STM32CubeIDE_1.13.1/STM32CubeIDE/plugins/com.st.stm32cube.ide.mcu.externaltools.gnu-tools-for-stm32.11.3.rel1.win32_1.1.0.202305231506/tools/bin/../lib/gcc/arm-none-eabi/11.3.1/../../../../arm-none-eabi/lib/thumb/v7e-m+fp/hard\libc_nano.a(libc_a-nano-vfprintf_float.o) (_localeconv_r)
C:/Users/yinca/STM32CubeIDE_1.13.1/STM32CubeIDE/plugins/com.st.stm32cube.ide.mcu.externaltools.gnu-tools-for-stm32.11.3.rel1.win32_1.1.0.202305231506/tools/bin/../lib/gcc/arm-none-eabi/11.3.1/../../../../arm-none-eabi/lib/thumb/v7e-m+fp/hard\libc_nano.a(libc_a-closer.o)
[...]
Memory Configuration

Name             Origin             Length             Attributes
CCMRAM           0x0000000010000000 0x0000000000010000 xrw
RAM              0x0000000020000000 0x0000000000020000 xrw
FLASH            0x0000000008000000 0x0000000000080000 xr
*default*        0x0000000000000000 0xffffffffffffffff

Linker script and memory map

LOAD C:/Users/yinca/STM32CubeIDE_1.13.1/STM32CubeIDE/plugins/com.st.stm32cube.ide.mcu.externaltools.gnu-tools-for-stm32.11.3.rel1.win32_1.1.0.202305231506/tools/bin/../lib/gcc/arm-none-eabi/11.3.1/thumb/v7e-m+fp/hard/crti.o
LOAD C:/Users/yinca/STM32CubeIDE_1.13.1/STM32CubeIDE/plugins/com.st.stm32cube.ide.mcu.externaltools.gnu-tools-for-stm32.11.3.rel1.win32_1.1.0.202305231506/tools/bin/../lib/gcc/arm-none-eabi/11.3.1/thumb/v7e-m+fp/hard/crtbegin.o
LOAD C:/Users/yinca/STM32CubeIDE_1.13.1/STM32CubeIDE/plugins/com.st.stm32cube.ide.mcu.externaltools.gnu-tools-for-stm32.11.3.rel1.win32_1.1.0.202305231506/tools/bin/../lib/gcc/arm-none-eabi/11.3.1/../../../../arm-none-eabi/lib/thumb/v7e-m+fp/hard/crt0.o
LOAD ./Core/Src/freertos.o
LOAD ./Core/Src/main.o
LOAD ./Core/Src/stm32f4xx_hal_msp.o
LOAD ./Core/Src/stm32f4xx_it.o
LOAD ./Core/Src/syscalls.o
LOAD ./Core/Src/sysmem.o
LOAD ./Core/Src/system_stm32f4xx.o
LOAD ./Core/Startup/startup_stm32f407vetx.o
LOAD ./Drivers/PeripheralDriver/Src/oled.o
LOAD ./Drivers/STM32F4xx_HAL_Driver/Src/stm32f4xx_hal.o
LOAD ./Drivers/STM32F4xx_HAL_Driver/Src/stm32f4xx_hal_adc.o
LOAD ./Drivers/STM32F4xx_HAL_Driver/Src/stm32f4xx_hal_adc_ex.o
LOAD ./Drivers/STM32F4xx_HAL_Driver/Src/stm32f4xx_hal_cortex.o
LOAD ./Drivers/STM32F4xx_HAL_Driver/Src/stm32f4xx_hal_dma.o
LOAD ./Drivers/STM32F4xx_HAL_Driver/Src/stm32f4xx_hal_dma_ex.o
LOAD ./Drivers/STM32F4xx_HAL_Driver/Src/stm32f4xx_hal_exti.o
LOAD ./Drivers/STM32F4xx_HAL_Driver/Src/stm32f4xx_hal_flash.o
LOAD ./Drivers/STM32F4xx_HAL_Driver/Src/stm32f4xx_hal_flash_ex.o
LOAD ./Drivers/STM32F4xx_HAL_Driver/Src/stm32f4xx_hal_flash_ramfunc.o
LOAD ./Drivers/STM32F4xx_HAL_Driver/Src/stm32f4xx_hal_gpio.o
LOAD ./Drivers/STM32F4xx_HAL_Driver/Src/stm32f4xx_hal_i2c.o
LOAD ./Drivers/STM32F4xx_HAL_Driver/Src/stm32f4xx_hal_i2c_ex.o
LOAD ./Drivers/STM32F4xx_HAL_Driver/Src/stm32f4xx_hal_pwr.o
LOAD ./Drivers/STM32F4xx_HAL_Driver/Src/stm32f4xx_hal_pwr_ex.o
LOAD ./Drivers/STM32F4xx_HAL_Driver/Src/stm32f4xx_hal_rcc.o
LOAD ./Drivers/STM32F4xx_HAL_Driver/Src/stm32f4xx_hal_rcc_ex.o
LOAD ./Drivers/STM32F4xx_HAL_Driver/Src/stm32f4xx_hal_tim.o
LOAD ./Drivers/STM32F4xx_HAL_Driver/Src/stm32f4xx_hal_tim_ex.o
LOAD ./Drivers/STM32F4xx_HAL_Driver/Src/stm32f4xx_hal_uart.o
LOAD ./Drivers/STM32F4xx_HAL_Driver/Src/stm32f4xx_ll_adc.o
LOAD ./Middlewares/Third_Party/FreeRTOS/Source/CMSIS_RTOS_V2/cmsis_os2.o
LOAD ./Middlewares/Third_Party/FreeRTOS/Source/croutine.o
LOAD ./Middlewares/Third_Party/FreeRTOS/Source/event_groups.o
LOAD ./Middlewares/Third_Party/FreeRTOS/Source/list.o
LOAD ./Middlewares/Third_Party/FreeRTOS/Source/queue.o
LOAD ./Middlewares/Third_Party/FreeRTOS/Source/stream_buffer.o
LOAD ./Middlewares/Third_Party/FreeRTOS/Source/tasks.o
LOAD ./Middlewares/Third_Party/FreeRTOS/Source/timers.o
LOAD ./Middlewares/Third_Party/FreeRTOS/Source/portable/GCC/ARM_CM4F/port.o
LOAD ./Middlewares/Third_Party/FreeRTOS/Source/portable/MemMang/heap_4.o
START GROUP
LOAD C:/Users/yinca/STM32CubeIDE_1.13.1/STM32CubeIDE/plugins/com.st.stm32cube.ide.mcu.externaltools.gnu-tools-for-stm32.11.3.rel1.win32_1.1.0.202305231506/tools/bin/../lib/gcc/arm-none-eabi/11.3.1/../../../../arm-none-eabi/lib/thumb/v7e-m+fp/hard\libc_nano.a
LOAD C:/Users/yinca/STM32CubeIDE_1.13.1/STM32CubeIDE/plugins/com.st.stm32cube.ide.mcu.externaltools.gnu-tools-for-stm32.11.3.rel1.win32_1.1.0.202305231506/tools/bin/../lib/gcc/arm-none-eabi/11.3.1/../../../../arm-none-eabi/lib/thumb/v7e-m+fp/hard\libm.a
END GROUP
START GROUP
LOAD C:/Users/yinca/STM32CubeIDE_1.13.1/STM32CubeIDE/plugins/com.st.stm32cube.ide.mcu.externaltools.gnu-tools-for-stm32.11.3.rel1.win32_1.1.0.202305231506/tools/bin/../lib/gcc/arm-none-eabi/11.3.1/thumb/v7e-m+fp/hard\libgcc.a
LOAD C:/Users/yinca/STM32CubeIDE_1.13.1/STM32CubeIDE/plugins/com.st.stm32cube.ide.mcu.externaltools.gnu-tools-for-stm32.11.3.rel1.win32_1.1.0.202305231506/tools/bin/../lib/gcc/arm-none-eabi/11.3.1/../../../../arm-none-eabi/lib/thumb/v7e-m+fp/hard\libc_nano.a
END GROUP
START GROUP
LOAD C:/Users/yinca/STM32CubeIDE_1.13.1/STM32CubeIDE/plugins/com.st.stm32cube.ide.mcu.externaltools.gnu-tools-for-stm32.11.3.rel1.win32_1.1.0.202305231506/tools/bin/../lib/gcc/arm-none-eabi/11.3.1/thumb/v7e-m+fp/hard\libgcc.a
LOAD C:/Users/yinca/STM32CubeIDE_1.13.1/STM32CubeIDE/plugins/com.st.stm32cube.ide.mcu.externaltools.gnu-tools-for-stm32.11.3.rel1.win32_1.1.0.202305231506/tools/bin/../lib/gcc/arm-none-eabi/11.3.1/../../../../arm-none-eabi/lib/thumb/v7e-m+fp/hard\libc_nano.a
LOAD C:/Users/yinca/STM32CubeIDE_1.13.1/STM32CubeIDE/plugins/com.st.stm32cube.ide.mcu.externaltools.gnu-tools-for-stm32.11.3.rel1.win32_1.1.0.202305231506/tools/bin/../lib/gcc/arm-none-eabi/11.3.1/../../../../arm-none-eabi/lib/thumb/v7e-m+fp/hard\libnosys.a
END GROUP
START GROUP
LOAD C:/Users/yinca/STM32CubeIDE_1.13.1/STM32CubeIDE/plugins/com.st.stm32cube.ide.mcu.externaltools.gnu-tools-for-stm32.11.3.rel1.win32_1.1.0.202305231506/tools/bin/../lib/gcc/arm-none-eabi/11.3.1/thumb/v7e-m+fp/hard\libgcc.a
LOAD C:/Users/yinca/STM32CubeIDE_1.13.1/STM32CubeIDE/plugins/com.st.stm32cube.ide.mcu.externaltools.gnu-tools-for-stm32.11.3.rel1.win32_1.1.0.202305231506/tools/bin/../lib/gcc/arm-none-eabi/11.3.1/../../../../arm-none-eabi/lib/thumb/v7e-m+fp/hard\libc_nano.a
LOAD C:/Users/yinca/STM32CubeIDE_1.13.1/STM32CubeIDE/plugins/com.st.stm32cube.ide.mcu.externaltools.gnu-tools-for-stm32.11.3.rel1.win32_1.1.0.202305231506/tools/bin/../lib/gcc/arm-none-eabi/11.3.1/../../../../arm-none-eabi/lib/thumb/v7e-m+fp/hard\libnosys.a
END GROUP
LOAD C:/Users/yinca/STM32CubeIDE_1.13.1/STM32CubeIDE/plugins/com.st.stm32cube.ide.mcu.externaltools.gnu-tools-for-stm32.11.3.rel1.win32_1.1.0.202305231506/tools/bin/../lib/gcc/arm-none-eabi/11.3.1/thumb/v7e-m+fp/hard/crtend.o
LOAD C:/Users/yinca/STM32CubeIDE_1.13.1/STM32CubeIDE/plugins/com.st.stm32cube.ide.mcu.externaltools.gnu-tools-for-stm32.11.3.rel1.win32_1.1.0.202305231506/tools/bin/../lib/gcc/arm-none-eabi/11.3.1/thumb/v7e-m+fp/hard/crtn.o
                0x0000000020020000                _estack = (ORIGIN (RAM) + LENGTH (RAM))
                0x0000000000000200                _Min_Heap_Size = 0x200
                0x0000000000000400                _Min_Stack_Size = 0x400

.isr_vector     0x0000000008000000      0x188
                0x0000000008000000                . = ALIGN (0x4)
 *(.isr_vector)
 .isr_vector    0x0000000008000000      0x188 ./Core/Startup/startup_stm32f407vetx.o
                0x0000000008000000                g_pfnVectors
                0x0000000008000188                . = ALIGN (0x4)

.text           0x0000000008000190     0xe3f4
                0x0000000008000190                . = ALIGN (0x4)
 *(.text)
 .text          0x0000000008000190       0x40 C:/Users/yinca/STM32CubeIDE_1.13.1/STM32CubeIDE/plugins/com.st.stm32cube.ide.mcu.externaltools.gnu-tools-for-stm32.11.3.rel1.win32_1.1.0.202305231506/tools/bin/../lib/gcc/arm-none-eabi/11.3.1/thumb/v7e-m+fp/hard/crtbegin.o
 .text          0x00000000080001d0       0xa0 C:/Users/yinca/STM32CubeIDE_1.13.1/STM32CubeIDE/plugins/com.st.stm32cube.ide.mcu.externaltools.gnu-tools-for-stm32.11.3.rel1.win32_1.1.0.202305231506/tools/bin/../lib/gcc/arm-none-eabi/11.3.1/../../../../arm-none-eabi/lib/thumb/v7e-m+fp/hard\libc_nano.a(libc_a-memchr.o)
                0x00000000080001d0                memchr
 .text          0x0000000008000270       0x10 C:/Users/yinca/STM32CubeIDE_1.13.1/STM32CubeIDE/plugins/com.st.stm32cube.ide.mcu.externaltools.gnu-tools-for-stm32.11.3.rel1.win32_1.1.0.202305231506/tools/bin/../lib/gcc/arm-none-eabi/11.3.1/../../../../arm-none-eabi/lib/thumb/v7e-m+fp/hard\libc_nano.a(libc_a-strlen.o)
                0x0000000008000270                strlen
 .text          0x0000000008000280      0x378 C:/Users/yinca/STM32CubeIDE_1.13.1/STM32CubeIDE/plugins/com.st.stm32cube.ide.mcu.externaltools.gnu-tools-for-stm32.11.3.rel1.win32_1.1.0.202305231506/tools/bin/../lib/gcc/arm-none-eabi/11.3.1/thumb/v7e-m+fp/hard\libgcc.a(_arm_addsubdf3.o)
                0x0000000008000280                __aeabi_drsub
                0x0000000008000288                __aeabi_dsub
                0x0000000008000288                __subdf3
                0x000000000800028c                __aeabi_dadd
                0x000000000800028c                __adddf3
                0x0000000008000504                __floatunsidf
                0x0000000008000504                __aeabi_ui2d
                0x0000000008000524                __floatsidf
                0x0000000008000524                __aeabi_i2d
                0x0000000008000548                __aeabi_f2d
                0x0000000008000548                __extendsfdf2
                0x000000000800058c                __floatundidf
                0x000000000800058c                __aeabi_ul2d
                0x000000000800059c                __floatdidf
                0x000000000800059c                __aeabi_l2d
 .text          0x00000000080005f8      0x424 C:/Users/yinca/STM32CubeIDE_1.13.1/STM32CubeIDE/plugins/com.st.stm32cube.ide.mcu.externaltools.gnu-tools-for-stm32.11.3.rel1.win32_1.1.0.202305231506/tools/bin/../lib/gcc/arm-none-eabi/11.3.1/thumb/v7e-m+fp/hard\libgcc.a(_arm_muldivdf3.o)
                0x00000000080005f8                __aeabi_dmul
                0x00000000080005f8                __muldf3
                0x000000000800084c                __divdf3
                0x000000000800084c                __aeabi_ddiv
 .text          0x0000000008000a1c      0x110 C:/Users/yinca/STM32CubeIDE_1.13.1/STM32CubeIDE/plugins/com.st.stm32cube.ide.mcu.externaltools.gnu-tools-for-stm32.11.3.rel1.win32_1.1.0.202305231506/tools/bin/../lib/gcc/arm-none-eabi/11.3.1/thumb/v7e-m+fp/hard\libgcc.a(_arm_cmpdf2.o)
                0x0000000008000a1c                __gtdf2
                0x0000000008000a1c                __gedf2
                0x0000000008000a24                __ltdf2
                0x0000000008000a24                __ledf2
                0x0000000008000a2c                __nedf2
                0x0000000008000a2c                __eqdf2
                0x0000000008000a2c                __cmpdf2
                0x0000000008000aa8                __aeabi_cdrcmple
                0x0000000008000ab8                __aeabi_cdcmpeq
                0x0000000008000ab8                __aeabi_cdcmple
                0x0000000008000ac8                __aeabi_dcmpeq
                0x0000000008000adc                __aeabi_dcmplt
                0x0000000008000af0                __aeabi_dcmple
                0x0000000008000b04                __aeabi_dcmpge
                0x0000000008000b18                __aeabi_dcmpgt
 .text          0x0000000008000b2c       0x2c C:/Users/yinca/STM32CubeIDE_1.13.1/STM32CubeIDE/plugins/com.st.stm32cube.ide.mcu.externaltools.gnu-tools-for-stm32.11.3.rel1.win32_1.1.0.202305231506/tools/bin/../lib/gcc/arm-none-eabi/11.3.1/thumb/v7e-m+fp/hard\libgcc.a(_arm_unorddf2.o)
                0x0000000008000b2c                __unorddf2
                0x0000000008000b2c                __aeabi_dcmpun
 .text          0x0000000008000b58       0x50 C:/Users/yinca/STM32CubeIDE_1.13.1/STM32CubeIDE/plugins/com.st.stm32cube.ide.mcu.externaltools.gnu-tools-for-stm32.11.3.rel1.win32_1.1.0.202305231506/tools/bin/../lib/gcc/arm-none-eabi/11.3.1/thumb/v7e-m+fp/hard\libgcc.a(_arm_fixdfsi.o)
                0x0000000008000b58                __aeabi_d2iz
                0x0000000008000b58                __fixdfsi
 .text          0x0000000008000ba8       0x40 C:/Users/yinca/STM32CubeIDE_1.13.1/STM32CubeIDE/plugins/com.st.stm32cube.ide.mcu.externaltools.gnu-tools-for-stm32.11.3.rel1.win32_1.1.0.202305231506/tools/bin/../lib/gcc/arm-none-eabi/11.3.1/thumb/v7e-m+fp/hard\libgcc.a(_arm_fixunsdfsi.o)
                0x0000000008000ba8                __aeabi_d2uiz
                0x0000000008000ba8                __fixunsdfsi
 .text          0x0000000008000be8       0x30 C:/Users/yinca/STM32CubeIDE_1.13.1/STM32CubeIDE/plugins/com.st.stm32cube.ide.mcu.externaltools.gnu-tools-for-stm32.11.3.rel1.win32_1.1.0.202305231506/tools/bin/../lib/gcc/arm-none-eabi/11.3.1/thumb/v7e-m+fp/hard\libgcc.a(_aeabi_uldivmod.o)
                0x0000000008000be8                __aeabi_uldivmod
 .text          0x0000000008000c18      0x2c8 C:/Users/yinca/STM32CubeIDE_1.13.1/STM32CubeIDE/plugins/com.st.stm32cube.ide.mcu.externaltools.gnu-tools-for-stm32.11.3.rel1.win32_1.1.0.202305231506/tools/bin/../lib/gcc/arm-none-eabi/11.3.1/thumb/v7e-m+fp/hard\libgcc.a(_udivmoddi4.o)
                0x0000000008000c18                __udivmoddi4
 .text          0x0000000008000ee0        0x4 C:/Users/yinca/STM32CubeIDE_1.13.1/STM32CubeIDE/plugins/com.st.stm32cube.ide.mcu.externaltools.gnu-tools-for-stm32.11.3.rel1.win32_1.1.0.202305231506/tools/bin/../lib/gcc/arm-none-eabi/11.3.1/thumb/v7e-m+fp/hard\libgcc.a(_dvmd_tls.o)
                0x0000000008000ee0                __aeabi_idiv0
                0x0000000008000ee0                __aeabi_ldiv0
 *(.text*)
 .text.__NVIC_SystemReset
                0x0000000008000ee4       0x2c ./Core/Src/main.o
 .text.main     0x0000000008000f10      0x12c ./Core/Src/main.o
                0x0000000008000f10                main
 .text.SystemClock_Config
                0x000000000800103c       0xbc ./Core/Src/main.o
                0x000000000800103c                SystemClock_Config
 .text.MX_I2C1_Init
                0x00000000080010f8       0x5c ./Core/Src/main.o
 .text.MX_TIM1_Init
                0x0000000008001154      0x13c ./Core/Src/main.o
 .text.MX_TIM2_Init
                0x0000000008001290       0xa8 ./Core/Src/main.o
 .text.MX_TIM3_Init
                0x0000000008001338       0xa8 ./Core/Src/main.o
 .text.MX_TIM4_Init
                0x00000000080013e0       0xa8 ./Core/Src/main.o
 .text.MX_TIM8_Init
                0x0000000008001488      0x154 ./Core/Src/main.o
 .text.MX_USART3_UART_Init
                0x00000000080015dc       0x54 ./Core/Src/main.o
 .text.MX_GPIO_Init
                0x0000000008001630      0x19c ./Core/Src/main.o
 .text.HAL_UART_RxCpltCallback
                0x00000000080017cc       0x24 ./Core/Src/main.o
                0x00000000080017cc                HAL_UART_RxCpltCallback
 .text.HAL_TIM_IC_CaptureCallback
                0x00000000080017f0      0x150 ./Core/Src/main.o
                0x00000000080017f0                HAL_TIM_IC_CaptureCallback
 .text.delay    0x0000000008001940       0x34 ./Core/Src/main.o
                0x0000000008001940                delay
 .text.HCSR04_Read
                0x0000000008001974       0x40 ./Core/Src/main.o
                0x0000000008001974                HCSR04_Read
 .text.buzzerBeep
                0x00000000080019b4       0x28 ./Core/Src/main.o
                0x00000000080019b4                buzzerBeep
 .text.remoteReset
                0x00000000080019dc        0x8 ./Core/Src/main.o
                0x00000000080019dc                remoteReset
 *fill*         0x00000000080019e4        0x4 
 .text.moveCarStraight
                0x00000000080019e8       0xc8 ./Core/Src/main.o
                0x00000000080019e8                moveCarStraight
 .text.moveCarRight
                0x0000000008001ab0       0x54 ./Core/Src/main.o
                0x0000000008001ab0                moveCarRight
 .text.moveCarRight2
                0x0000000008001b04       0x54 ./Core/Src/main.o
                0x0000000008001b04                moveCarRight2
 .text.moveCarRight3
                0x0000000008001b58       0x54 ./Core/Src/main.o
                0x0000000008001b58                moveCarRight3
 .text.moveCarLeft
                0x0000000008001bac       0x54 ./Core/Src/main.o
                0x0000000008001bac                moveCarLeft
 .text.moveCarLeft2
                0x0000000008001c00       0x54 ./Core/Src/main.o
                0x0000000008001c00                moveCarLeft2
 .text.moveCarLeft3
                0x0000000008001c54       0x54 ./Core/Src/main.o
                0x0000000008001c54                moveCarLeft3
 .text.moveCarRight90
                0x0000000008001ca8       0xa8 ./Core/Src/main.o
                0x0000000008001ca8                moveCarRight90
 .text.moveCarRight902
                0x0000000008001d50       0x94 ./Core/Src/main.o
                0x0000000008001d50                moveCarRight902
 .text.moveCarRight903
                0x0000000008001de4       0x94 ./Core/Src/main.o
                0x0000000008001de4                moveCarRight903
 .text.moveCarLeft90
                0x0000000008001e78       0x94 ./Core/Src/main.o
                0x0000000008001e78                moveCarLeft90
 .text.moveCarLeft902
                0x0000000008001f0c       0x94 ./Core/Src/main.o
                0x0000000008001f0c                moveCarLeft902
 .text.moveCarLeft903
                0x0000000008001fa0       0x94 ./Core/Src/main.o
                0x0000000008001fa0                moveCarLeft903
 .text.PID_Control
                0x0000000008002034       0xf8 ./Core/Src/main.o
                0x0000000008002034                PID_Control
 .text.PID_Angle
                0x000000000800212c      0x110 ./Core/Src/main.o
                0x000000000800212c                PID_Angle
 .text.finishCheck
                0x000000000800223c       0x68 ./Core/Src/main.o
                0x000000000800223c                finishCheck
 .text.readByte
                0x00000000080022a4       0x58 ./Core/Src/main.o
                0x00000000080022a4                readByte
 .text.writeByte
                0x00000000080022fc       0x48 ./Core/Src/main.o
                0x00000000080022fc                writeByte
 .text.gyroInit
                0x0000000008002344       0x86 ./Core/Src/main.o
                0x0000000008002344                gyroInit
 *fill*         0x00000000080023ca        0x2 
 .text.StartDefaultTask
                0x00000000080023cc       0x30 ./Core/Src/main.o
                0x00000000080023cc                StartDefaultTask
 *fill*         0x00000000080023fc        0x4 
 .text.StartMotorTask
                0x0000000008002400      0x498 ./Core/Src/main.o
                0x0000000008002400                StartMotorTask
 .text.StartOledTask
                0x0000000008002898      0x148 ./Core/Src/main.o
                0x0000000008002898                StartOledTask
 .text.StartRpiTask
                0x00000000080029e0      0x928 ./Core/Src/main.o
                0x00000000080029e0                StartRpiTask
 .text.StartGyroTask
                0x0000000008003308      0x194 ./Core/Src/main.o
                0x0000000008003308                StartGyroTask
 .text.StartBulleyesTask
                0x000000000800349c        0xa ./Core/Src/main.o
                0x000000000800349c                StartBulleyesTask
 *fill*         0x00000000080034a6        0x2 
 .text.StartEncoderRightTask
                0x00000000080034a8       0x88 ./Core/Src/main.o
                0x00000000080034a8                StartEncoderRightTask
 .text.StartEncoderLeftTask
                0x0000000008003530       0x88 ./Core/Src/main.o
                0x0000000008003530                StartEncoderLeftTask
 .text.Error_Handler
                0x00000000080035b8        0xa ./Core/Src/main.o
                0x00000000080035b8                Error_Handler
 *fill*         0x00000000080035c2        0x2 
 .text.HAL_MspInit
                0x00000000080035c4       0x68 ./Core/Src/stm32f4xx_hal_msp.o
                0x00000000080035c4                HAL_MspInit
 .text.HAL_I2C_MspInit
                0x000000000800362c       0x90 ./Core/Src/stm32f4xx_hal_msp.o
                0x000000000800362c                HAL_I2C_MspInit
 .text.HAL_TIM_Base_MspInit
                0x00000000080036bc       0xec ./Core/Src/stm32f4xx_hal_msp.o
                0x00000000080036bc                HAL_TIM_Base_MspInit
 .text.HAL_TIM_Encoder_MspInit
                0x00000000080037a8      0x134 ./Core/Src/stm32f4xx_hal_msp.o
                0x00000000080037a8                HAL_TIM_Encoder_MspInit
 .text.HAL_TIM_IC_MspInit
                0x00000000080038dc       0xa0 ./Core/Src/stm32f4xx_hal_msp.o
                0x00000000080038dc                HAL_TIM_IC_MspInit
 .text.HAL_TIM_MspPostInit
                0x000000000800397c       0x74 ./Core/Src/stm32f4xx_hal_msp.o
                0x000000000800397c                HAL_TIM_MspPostInit
 .text.HAL_UART_MspInit
                0x00000000080039f0       0xa0 ./Core/Src/stm32f4xx_hal_msp.o
                0x00000000080039f0                HAL_UART_MspInit
 .text.NMI_Handler
                0x0000000008003a90        0x6 ./Core/Src/stm32f4xx_it.o
                0x0000000008003a90                NMI_Handler
 .text.HardFault_Handler
                0x0000000008003a96        0x6 ./Core/Src/stm32f4xx_it.o
                0x0000000008003a96                HardFault_Handler
 .text.MemManage_Handler
                0x0000000008003a9c        0x6 ./Core/Src/stm32f4xx_it.o
                0x0000000008003a9c                MemManage_Handler
 .text.BusFault_Handler
                0x0000000008003aa2        0x6 ./Core/Src/stm32f4xx_it.o
                0x0000000008003aa2                BusFault_Handler
 .text.UsageFault_Handler
                0x0000000008003aa8        0x6 ./Core/Src/stm32f4xx_it.o
                0x0000000008003aa8                UsageFault_Handler
 .text.DebugMon_Handler
                0x0000000008003aae        0xe ./Core/Src/stm32f4xx_it.o
                0x0000000008003aae                DebugMon_Handler
 .text.SysTick_Handler
                0x0000000008003abc       0x1a ./Core/Src/stm32f4xx_it.o
                0x0000000008003abc                SysTick_Handler
 .text.RCC_IRQHandler
                0x0000000008003ad6        0xe ./Core/Src/stm32f4xx_it.o
                0x0000000008003ad6                RCC_IRQHandler
 .text.TIM1_BRK_TIM9_IRQHandler
                0x0000000008003ae4       0x14 ./Core/Src/stm32f4xx_it.o
                0x0000000008003ae4                TIM1_BRK_TIM9_IRQHandler
 .text.TIM1_UP_TIM10_IRQHandler
                0x0000000008003af8       0x14 ./Core/Src/stm32f4xx_it.o
                0x0000000008003af8                TIM1_UP_TIM10_IRQHandler
 .text.TIM4_IRQHandler
                0x0000000008003b0c       0x14 ./Core/Src/stm32f4xx_it.o
                0x0000000008003b0c                TIM4_IRQHandler
 .text.USART3_IRQHandler
                0x0000000008003b20       0x14 ./Core/Src/stm32f4xx_it.o
                0x0000000008003b20                USART3_IRQHandler
 .text.TIM8_TRG_COM_TIM14_IRQHandler
                0x0000000008003b34       0x14 ./Core/Src/stm32f4xx_it.o
                0x0000000008003b34                TIM8_TRG_COM_TIM14_IRQHandler
 .text._getpid  0x0000000008003b48       0x10 ./Core/Src/syscalls.o
                0x0000000008003b48                _getpid
 .text._kill    0x0000000008003b58       0x20 ./Core/Src/syscalls.o
                0x0000000008003b58                _kill
 .text._exit    0x0000000008003b78       0x14 ./Core/Src/syscalls.o
                0x0000000008003b78                _exit
 .text._read    0x0000000008003b8c       0x3a ./Core/Src/syscalls.o
                0x0000000008003b8c                _read
 .text._write   0x0000000008003bc6       0x38 ./Core/Src/syscalls.o
                0x0000000008003bc6                _write
 .text._close   0x0000000008003bfe       0x18 ./Core/Src/syscalls.o
                0x0000000008003bfe                _close
 .text._fstat   0x0000000008003c16       0x20 ./Core/Src/syscalls.o
                0x0000000008003c16                _fstat
 .text._isatty  0x0000000008003c36       0x16 ./Core/Src/syscalls.o
                0x0000000008003c36                _isatty
 .text._lseek   0x0000000008003c4c       0x1a ./Core/Src/syscalls.o
                0x0000000008003c4c                _lseek
 *fill*         0x0000000008003c66        0x2 
 .text._sbrk    0x0000000008003c68       0x6c ./Core/Src/sysmem.o
                0x0000000008003c68                _sbrk
 .text.SystemInit
                0x0000000008003cd4       0x24 ./Core/Src/system_stm32f4xx.o
                0x0000000008003cd4                SystemInit
 .text.Reset_Handler
                0x0000000008003cf8       0x50 ./Core/Startup/startup_stm32f407vetx.o
                0x0000000008003cf8                Reset_Handler
 .text.Default_Handler
                0x0000000008003d48        0x2 ./Core/Startup/startup_stm32f407vetx.o
                0x0000000008003d48                RTC_Alarm_IRQHandler
                0x0000000008003d48                HASH_RNG_IRQHandler
                0x0000000008003d48                EXTI2_IRQHandler
                0x0000000008003d48                TIM8_CC_IRQHandler
                0x0000000008003d48                TIM1_CC_IRQHandler
                0x0000000008003d48                DMA2_Stream5_IRQHandler
                0x0000000008003d48                DMA1_Stream5_IRQHandler
                0x0000000008003d48                PVD_IRQHandler
                0x0000000008003d48                SDIO_IRQHandler
                0x0000000008003d48                TAMP_STAMP_IRQHandler
                0x0000000008003d48                CAN2_RX1_IRQHandler
                0x0000000008003d48                EXTI3_IRQHandler
                0x0000000008003d48                TIM8_UP_TIM13_IRQHandler
                0x0000000008003d48                I2C3_ER_IRQHandler
                0x0000000008003d48                EXTI0_IRQHandler
                0x0000000008003d48                I2C2_EV_IRQHandler
                0x0000000008003d48                DMA1_Stream2_IRQHandler
                0x0000000008003d48                CAN1_RX0_IRQHandler
                0x0000000008003d48                FPU_IRQHandler
                0x0000000008003d48                OTG_HS_WKUP_IRQHandler
                0x0000000008003d48                CAN2_SCE_IRQHandler
                0x0000000008003d48                DMA2_Stream2_IRQHandler
                0x0000000008003d48                SPI1_IRQHandler
                0x0000000008003d48                TIM6_DAC_IRQHandler
                0x0000000008003d48                DCMI_IRQHandler
                0x0000000008003d48                CAN2_RX0_IRQHandler
                0x0000000008003d48                DMA2_Stream3_IRQHandler
                0x0000000008003d48                USART6_IRQHandler
                0x0000000008003d48                CAN1_RX1_IRQHandler
                0x0000000008003d48                UART5_IRQHandler
                0x0000000008003d48                DMA2_Stream0_IRQHandler
                0x0000000008003d48                I2C1_EV_IRQHandler
                0x0000000008003d48                DMA1_Stream6_IRQHandler
                0x0000000008003d48                DMA1_Stream1_IRQHandler
                0x0000000008003d48                UART4_IRQHandler
                0x0000000008003d48                TIM3_IRQHandler
                0x0000000008003d48                TIM8_BRK_TIM12_IRQHandler
                0x0000000008003d48                Default_Handler
                0x0000000008003d48                EXTI15_10_IRQHandler
                0x0000000008003d48                ADC_IRQHandler
                0x0000000008003d48                DMA1_Stream7_IRQHandler
                0x0000000008003d48                TIM7_IRQHandler
                0x0000000008003d48                CAN2_TX_IRQHandler
                0x0000000008003d48                TIM5_IRQHandler
                0x0000000008003d48                DMA2_Stream7_IRQHandler
                0x0000000008003d48                I2C3_EV_IRQHandler
                0x0000000008003d48                EXTI9_5_IRQHandler
                0x0000000008003d48                RTC_WKUP_IRQHandler
                0x0000000008003d48                ETH_WKUP_IRQHandler
                0x0000000008003d48                SPI2_IRQHandler
                0x0000000008003d48                OTG_HS_EP1_IN_IRQHandler
                0x0000000008003d48                DMA1_Stream0_IRQHandler
                0x0000000008003d48                CAN1_TX_IRQHandler
                0x0000000008003d48                EXTI4_IRQHandler
                0x0000000008003d48                FSMC_IRQHandler
                0x0000000008003d48                ETH_IRQHandler
                0x0000000008003d48                OTG_HS_EP1_OUT_IRQHandler
                0x0000000008003d48                WWDG_IRQHandler
                0x0000000008003d48                TIM2_IRQHandler
                0x0000000008003d48                OTG_FS_WKUP_IRQHandler
                0x0000000008003d48                TIM1_TRG_COM_TIM11_IRQHandler
                0x0000000008003d48                OTG_HS_IRQHandler
                0x0000000008003d48                EXTI1_IRQHandler
                0x0000000008003d48                USART2_IRQHandler
                0x0000000008003d48                I2C2_ER_IRQHandler
                0x0000000008003d48                DMA2_Stream1_IRQHandler
                0x0000000008003d48                CAN1_SCE_IRQHandler
                0x0000000008003d48                FLASH_IRQHandler
                0x0000000008003d48                DMA2_Stream4_IRQHandler
                0x0000000008003d48                USART1_IRQHandler
                0x0000000008003d48                OTG_FS_IRQHandler
                0x0000000008003d48                SPI3_IRQHandler
                0x0000000008003d48                DMA1_Stream4_IRQHandler
                0x0000000008003d48                I2C1_ER_IRQHandler
                0x0000000008003d48                DMA2_Stream6_IRQHandler
                0x0000000008003d48                DMA1_Stream3_IRQHandler
 *fill*         0x0000000008003d4a        0x2 
 .text.OLED_Refresh_Gram
                0x0000000008003d4c       0x70 ./Drivers/PeripheralDriver/Src/oled.o
                0x0000000008003d4c                OLED_Refresh_Gram
 .text.OLED_WR_Byte
                0x0000000008003dbc       0x94 ./Drivers/PeripheralDriver/Src/oled.o
                0x0000000008003dbc                OLED_WR_Byte
 .text.OLED_Clear
                0x0000000008003e50       0x4c ./Drivers/PeripheralDriver/Src/oled.o
                0x0000000008003e50                OLED_Clear
 .text.OLED_DrawPoint
                0x0000000008003e9c       0xb4 ./Drivers/PeripheralDriver/Src/oled.o
                0x0000000008003e9c                OLED_DrawPoint
 .text.OLED_ShowChar
                0x0000000008003f50       0xe4 ./Drivers/PeripheralDriver/Src/oled.o
                0x0000000008003f50                OLED_ShowChar
 .text.OLED_ShowString
                0x0000000008004034       0x64 ./Drivers/PeripheralDriver/Src/oled.o
                0x0000000008004034                OLED_ShowString
 .text.OLED_Init
                0x0000000008004098      0x118 ./Drivers/PeripheralDriver/Src/oled.o
                0x0000000008004098                OLED_Init
 .text.HAL_Init
                0x00000000080041b0       0x44 ./Drivers/STM32F4xx_HAL_Driver/Src/stm32f4xx_hal.o
                0x00000000080041b0                HAL_Init
 .text.HAL_InitTick
                0x00000000080041f4       0x60 ./Drivers/STM32F4xx_HAL_Driver/Src/stm32f4xx_hal.o
                0x00000000080041f4                HAL_InitTick
 .text.HAL_IncTick
                0x0000000008004254       0x28 ./Drivers/STM32F4xx_HAL_Driver/Src/stm32f4xx_hal.o
                0x0000000008004254                HAL_IncTick
 .text.HAL_GetTick
                0x000000000800427c       0x18 ./Drivers/STM32F4xx_HAL_Driver/Src/stm32f4xx_hal.o
                0x000000000800427c                HAL_GetTick
 .text.HAL_Delay
                0x0000000008004294       0x48 ./Drivers/STM32F4xx_HAL_Driver/Src/stm32f4xx_hal.o
                0x0000000008004294                HAL_Delay
 .text.__NVIC_SetPriorityGrouping
                0x00000000080042dc       0x48 ./Drivers/STM32F4xx_HAL_Driver/Src/stm32f4xx_hal_cortex.o
 .text.__NVIC_GetPriorityGrouping
                0x0000000008004324       0x1c ./Drivers/STM32F4xx_HAL_Driver/Src/stm32f4xx_hal_cortex.o
 .text.__NVIC_EnableIRQ
                0x0000000008004340       0x3c ./Drivers/STM32F4xx_HAL_Driver/Src/stm32f4xx_hal_cortex.o
 .text.__NVIC_SetPriority
                0x000000000800437c       0x54 ./Drivers/STM32F4xx_HAL_Driver/Src/stm32f4xx_hal_cortex.o
 .text.NVIC_EncodePriority
                0x00000000080043d0       0x66 ./Drivers/STM32F4xx_HAL_Driver/Src/stm32f4xx_hal_cortex.o
 *fill*         0x0000000008004436        0x2 
 .text.SysTick_Config
                0x0000000008004438       0x44 ./Drivers/STM32F4xx_HAL_Driver/Src/stm32f4xx_hal_cortex.o
 .text.HAL_NVIC_SetPriorityGrouping
                0x000000000800447c       0x16 ./Drivers/STM32F4xx_HAL_Driver/Src/stm32f4xx_hal_cortex.o
                0x000000000800447c                HAL_NVIC_SetPriorityGrouping
 .text.HAL_NVIC_SetPriority
                0x0000000008004492       0x38 ./Drivers/STM32F4xx_HAL_Driver/Src/stm32f4xx_hal_cortex.o
                0x0000000008004492                HAL_NVIC_SetPriority
 .text.HAL_NVIC_EnableIRQ
                0x00000000080044ca       0x1c ./Drivers/STM32F4xx_HAL_Driver/Src/stm32f4xx_hal_cortex.o
                0x00000000080044ca                HAL_NVIC_EnableIRQ
 .text.HAL_SYSTICK_Config
                0x00000000080044e6       0x18 ./Drivers/STM32F4xx_HAL_Driver/Src/stm32f4xx_hal_cortex.o
                0x00000000080044e6                HAL_SYSTICK_Config
 .text.HAL_DMA_Abort
                0x00000000080044fe       0xe0 ./Drivers/STM32F4xx_HAL_Driver/Src/stm32f4xx_hal_dma.o
                0x00000000080044fe                HAL_DMA_Abort
 .text.HAL_DMA_Abort_IT
                0x00000000080045de       0x44 ./Drivers/STM32F4xx_HAL_Driver/Src/stm32f4xx_hal_dma.o
                0x00000000080045de                HAL_DMA_Abort_IT
 *fill*         0x0000000008004622        0x2 
 .text.HAL_GPIO_Init
                0x0000000008004624      0x338 ./Drivers/STM32F4xx_HAL_Driver/Src/stm32f4xx_hal_gpio.o
                0x0000000008004624                HAL_GPIO_Init
 .text.HAL_GPIO_WritePin
                0x000000000800495c       0x32 ./Drivers/STM32F4xx_HAL_Driver/Src/stm32f4xx_hal_gpio.o
                0x000000000800495c                HAL_GPIO_WritePin
 .text.HAL_GPIO_TogglePin
                0x000000000800498e       0x34 ./Drivers/STM32F4xx_HAL_Driver/Src/stm32f4xx_hal_gpio.o
                0x000000000800498e                HAL_GPIO_TogglePin
 *fill*         0x00000000080049c2        0x2 
 .text.HAL_I2C_Init
                0x00000000080049c4      0x288 ./Drivers/STM32F4xx_HAL_Driver/Src/stm32f4xx_hal_i2c.o
                0x00000000080049c4                HAL_I2C_Init
 .text.HAL_I2C_Master_Transmit
                0x0000000008004c4c      0x1fc ./Drivers/STM32F4xx_HAL_Driver/Src/stm32f4xx_hal_i2c.o
                0x0000000008004c4c                HAL_I2C_Master_Transmit
 .text.HAL_I2C_Master_Receive
                0x0000000008004e48      0x44c ./Drivers/STM32F4xx_HAL_Driver/Src/stm32f4xx_hal_i2c.o
                0x0000000008004e48                HAL_I2C_Master_Receive
 .text.I2C_MasterRequestWrite
                0x0000000008005294      0x104 ./Drivers/STM32F4xx_HAL_Driver/Src/stm32f4xx_hal_i2c.o
 .text.I2C_MasterRequestRead
                0x0000000008005398      0x19c ./Drivers/STM32F4xx_HAL_Driver/Src/stm32f4xx_hal_i2c.o
 .text.I2C_WaitOnFlagUntilTimeout
                0x0000000008005534       0xae ./Drivers/STM32F4xx_HAL_Driver/Src/stm32f4xx_hal_i2c.o
 .text.I2C_WaitOnMasterAddressFlagUntilTimeout
                0x00000000080055e2       0xfe ./Drivers/STM32F4xx_HAL_Driver/Src/stm32f4xx_hal_i2c.o
 .text.I2C_WaitOnTXEFlagUntilTimeout
                0x00000000080056e0       0x82 ./Drivers/STM32F4xx_HAL_Driver/Src/stm32f4xx_hal_i2c.o
 .text.I2C_WaitOnBTFFlagUntilTimeout
                0x0000000008005762       0x82 ./Drivers/STM32F4xx_HAL_Driver/Src/stm32f4xx_hal_i2c.o
 .text.I2C_WaitOnRXNEFlagUntilTimeout
                0x00000000080057e4       0xac ./Drivers/STM32F4xx_HAL_Driver/Src/stm32f4xx_hal_i2c.o
 .text.I2C_IsAcknowledgeFailed
                0x0000000008005890       0x5e ./Drivers/STM32F4xx_HAL_Driver/Src/stm32f4xx_hal_i2c.o
 *fill*         0x00000000080058ee        0x2 
 .text.HAL_PWR_EnableBkUpAccess
                0x00000000080058f0       0x28 ./Drivers/STM32F4xx_HAL_Driver/Src/stm32f4xx_hal_pwr.o
                0x00000000080058f0                HAL_PWR_EnableBkUpAccess
 .text.HAL_PWR_DisableBkUpAccess
                0x0000000008005918       0x28 ./Drivers/STM32F4xx_HAL_Driver/Src/stm32f4xx_hal_pwr.o
                0x0000000008005918                HAL_PWR_DisableBkUpAccess
 .text.HAL_RCC_OscConfig
                0x0000000008005940      0x4f0 ./Drivers/STM32F4xx_HAL_Driver/Src/stm32f4xx_hal_rcc.o
                0x0000000008005940                HAL_RCC_OscConfig
 .text.HAL_RCC_ClockConfig
                0x0000000008005e30      0x1cc ./Drivers/STM32F4xx_HAL_Driver/Src/stm32f4xx_hal_rcc.o
                0x0000000008005e30                HAL_RCC_ClockConfig
 .text.HAL_RCC_GetSysClockFreq
                0x0000000008005ffc      0x18c ./Drivers/STM32F4xx_HAL_Driver/Src/stm32f4xx_hal_rcc.o
                0x0000000008005ffc                HAL_RCC_GetSysClockFreq
 .text.HAL_RCC_GetHCLKFreq
                0x0000000008006188       0x18 ./Drivers/STM32F4xx_HAL_Driver/Src/stm32f4xx_hal_rcc.o
                0x0000000008006188                HAL_RCC_GetHCLKFreq
 .text.HAL_RCC_GetPCLK1Freq
                0x00000000080061a0       0x28 ./Drivers/STM32F4xx_HAL_Driver/Src/stm32f4xx_hal_rcc.o
                0x00000000080061a0                HAL_RCC_GetPCLK1Freq
 .text.HAL_RCC_GetPCLK2Freq
                0x00000000080061c8       0x28 ./Drivers/STM32F4xx_HAL_Driver/Src/stm32f4xx_hal_rcc.o
                0x00000000080061c8                HAL_RCC_GetPCLK2Freq
 .text.HAL_TIM_Base_Init
                0x00000000080061f0       0x9e ./Drivers/STM32F4xx_HAL_Driver/Src/stm32f4xx_hal_tim.o
                0x00000000080061f0                HAL_TIM_Base_Init
 .text.HAL_TIM_PWM_Init
                0x000000000800628e       0x9e ./Drivers/STM32F4xx_HAL_Driver/Src/stm32f4xx_hal_tim.o
                0x000000000800628e                HAL_TIM_PWM_Init
 .text.HAL_TIM_PWM_MspInit
                0x000000000800632c       0x14 ./Drivers/STM32F4xx_HAL_Driver/Src/stm32f4xx_hal_tim.o
                0x000000000800632c                HAL_TIM_PWM_MspInit
 .text.HAL_TIM_PWM_Start
                0x0000000008006340      0x190 ./Drivers/STM32F4xx_HAL_Driver/Src/stm32f4xx_hal_tim.o
                0x0000000008006340                HAL_TIM_PWM_Start
 .text.HAL_TIM_IC_Init
                0x00000000080064d0       0x9e ./Drivers/STM32F4xx_HAL_Driver/Src/stm32f4xx_hal_tim.o
                0x00000000080064d0                HAL_TIM_IC_Init
 *fill*         0x000000000800656e        0x2 
 .text.HAL_TIM_IC_Start_IT
                0x0000000008006570      0x250 ./Drivers/STM32F4xx_HAL_Driver/Src/stm32f4xx_hal_tim.o
                0x0000000008006570                HAL_TIM_IC_Start_IT
 .text.HAL_TIM_Encoder_Init
                0x00000000080067c0      0x14c ./Drivers/STM32F4xx_HAL_Driver/Src/stm32f4xx_hal_tim.o
                0x00000000080067c0                HAL_TIM_Encoder_Init
 .text.HAL_TIM_Encoder_Start
                0x000000000800690c      0x11c ./Drivers/STM32F4xx_HAL_Driver/Src/stm32f4xx_hal_tim.o
                0x000000000800690c                HAL_TIM_Encoder_Start
 .text.HAL_TIM_IRQHandler
                0x0000000008006a28      0x210 ./Drivers/STM32F4xx_HAL_Driver/Src/stm32f4xx_hal_tim.o
                0x0000000008006a28                HAL_TIM_IRQHandler
 .text.HAL_TIM_IC_ConfigChannel
                0x0000000008006c38      0x138 ./Drivers/STM32F4xx_HAL_Driver/Src/stm32f4xx_hal_tim.o
                0x0000000008006c38                HAL_TIM_IC_ConfigChannel
 .text.HAL_TIM_PWM_ConfigChannel
                0x0000000008006d70      0x184 ./Drivers/STM32F4xx_HAL_Driver/Src/stm32f4xx_hal_tim.o
                0x0000000008006d70                HAL_TIM_PWM_ConfigChannel
 .text.HAL_TIM_ConfigClockSource
                0x0000000008006ef4      0x18e ./Drivers/STM32F4xx_HAL_Driver/Src/stm32f4xx_hal_tim.o
                0x0000000008006ef4                HAL_TIM_ConfigClockSource
 *fill*         0x0000000008007082        0x2 
 .text.HAL_TIM_ReadCapturedValue
                0x0000000008007084       0x88 ./Drivers/STM32F4xx_HAL_Driver/Src/stm32f4xx_hal_tim.o
                0x0000000008007084                HAL_TIM_ReadCapturedValue
 .text.HAL_TIM_PeriodElapsedCallback
                0x000000000800710c       0x14 ./Drivers/STM32F4xx_HAL_Driver/Src/stm32f4xx_hal_tim.o
                0x000000000800710c                HAL_TIM_PeriodElapsedCallback
 .text.HAL_TIM_OC_DelayElapsedCallback
                0x0000000008007120       0x14 ./Drivers/STM32F4xx_HAL_Driver/Src/stm32f4xx_hal_tim.o
                0x0000000008007120                HAL_TIM_OC_DelayElapsedCallback
 .text.HAL_TIM_PWM_PulseFinishedCallback
                0x0000000008007134       0x14 ./Drivers/STM32F4xx_HAL_Driver/Src/stm32f4xx_hal_tim.o
                0x0000000008007134                HAL_TIM_PWM_PulseFinishedCallback
 .text.HAL_TIM_TriggerCallback
                0x0000000008007148       0x14 ./Drivers/STM32F4xx_HAL_Driver/Src/stm32f4xx_hal_tim.o
                0x0000000008007148                HAL_TIM_TriggerCallback
 .text.TIM_Base_SetConfig
                0x000000000800715c      0x140 ./Drivers/STM32F4xx_HAL_Driver/Src/stm32f4xx_hal_tim.o
                0x000000000800715c                TIM_Base_SetConfig
 .text.TIM_OC1_SetConfig
                0x000000000800729c       0xe0 ./Drivers/STM32F4xx_HAL_Driver/Src/stm32f4xx_hal_tim.o
 .text.TIM_OC2_SetConfig
                0x000000000800737c       0xec ./Drivers/STM32F4xx_HAL_Driver/Src/stm32f4xx_hal_tim.o
                0x000000000800737c                TIM_OC2_SetConfig
 .text.TIM_OC3_SetConfig
                0x0000000008007468       0xe8 ./Drivers/STM32F4xx_HAL_Driver/Src/stm32f4xx_hal_tim.o
 .text.TIM_OC4_SetConfig
                0x0000000008007550       0xac ./Drivers/STM32F4xx_HAL_Driver/Src/stm32f4xx_hal_tim.o
 .text.TIM_TI1_SetConfig
                0x00000000080075fc       0xe8 ./Drivers/STM32F4xx_HAL_Driver/Src/stm32f4xx_hal_tim.o
                0x00000000080075fc                TIM_TI1_SetConfig
 .text.TIM_TI1_ConfigInputStage
                0x00000000080076e4       0x5e ./Drivers/STM32F4xx_HAL_Driver/Src/stm32f4xx_hal_tim.o
 .text.TIM_TI2_SetConfig
                0x0000000008007742       0x7a ./Drivers/STM32F4xx_HAL_Driver/Src/stm32f4xx_hal_tim.o
 .text.TIM_TI2_ConfigInputStage
                0x00000000080077bc       0x60 ./Drivers/STM32F4xx_HAL_Driver/Src/stm32f4xx_hal_tim.o
 .text.TIM_TI3_SetConfig
                0x000000000800781c       0x78 ./Drivers/STM32F4xx_HAL_Driver/Src/stm32f4xx_hal_tim.o
 .text.TIM_TI4_SetConfig
                0x0000000008007894       0x7a ./Drivers/STM32F4xx_HAL_Driver/Src/stm32f4xx_hal_tim.o
 .text.TIM_ITRx_SetConfig
                0x000000000800790e       0x36 ./Drivers/STM32F4xx_HAL_Driver/Src/stm32f4xx_hal_tim.o
 .text.TIM_ETR_SetConfig
                0x0000000008007944       0x40 ./Drivers/STM32F4xx_HAL_Driver/Src/stm32f4xx_hal_tim.o
                0x0000000008007944                TIM_ETR_SetConfig
 .text.TIM_CCxChannelCmd
                0x0000000008007984       0x4a ./Drivers/STM32F4xx_HAL_Driver/Src/stm32f4xx_hal_tim.o
                0x0000000008007984                TIM_CCxChannelCmd
 *fill*         0x00000000080079ce        0x2 
 .text.HAL_TIMEx_MasterConfigSynchronization
                0x00000000080079d0       0xf8 ./Drivers/STM32F4xx_HAL_Driver/Src/stm32f4xx_hal_tim_ex.o
                0x00000000080079d0                HAL_TIMEx_MasterConfigSynchronization
 .text.HAL_TIMEx_ConfigBreakDeadTime
                0x0000000008007ac8       0xa4 ./Drivers/STM32F4xx_HAL_Driver/Src/stm32f4xx_hal_tim_ex.o
                0x0000000008007ac8                HAL_TIMEx_ConfigBreakDeadTime
 .text.HAL_TIMEx_CommutCallback
                0x0000000008007b6c       0x14 ./Drivers/STM32F4xx_HAL_Driver/Src/stm32f4xx_hal_tim_ex.o
                0x0000000008007b6c                HAL_TIMEx_CommutCallback
 .text.HAL_TIMEx_BreakCallback
                0x0000000008007b80       0x14 ./Drivers/STM32F4xx_HAL_Driver/Src/stm32f4xx_hal_tim_ex.o
                0x0000000008007b80                HAL_TIMEx_BreakCallback
 .text.HAL_UART_Init
                0x0000000008007b94       0x9a ./Drivers/STM32F4xx_HAL_Driver/Src/stm32f4xx_hal_uart.o
                0x0000000008007b94                HAL_UART_Init
 .text.HAL_UART_Transmit
                0x0000000008007c2e      0x124 ./Drivers/STM32F4xx_HAL_Driver/Src/stm32f4xx_hal_uart.o
                0x0000000008007c2e                HAL_UART_Transmit
 .text.HAL_UART_Receive_IT
                0x0000000008007d52       0x60 ./Drivers/STM32F4xx_HAL_Driver/Src/stm32f4xx_hal_uart.o
                0x0000000008007d52                HAL_UART_Receive_IT
 *fill*         0x0000000008007db2        0x2 
 .text.HAL_UART_IRQHandler
                0x0000000008007db4      0x51c ./Drivers/STM32F4xx_HAL_Driver/Src/stm32f4xx_hal_uart.o
                0x0000000008007db4                HAL_UART_IRQHandler
 .text.HAL_UART_TxCpltCallback
                0x00000000080082d0       0x14 ./Drivers/STM32F4xx_HAL_Driver/Src/stm32f4xx_hal_uart.o
                0x00000000080082d0                HAL_UART_TxCpltCallback
 .text.HAL_UART_ErrorCallback
                0x00000000080082e4       0x14 ./Drivers/STM32F4xx_HAL_Driver/Src/stm32f4xx_hal_uart.o
                0x00000000080082e4                HAL_UART_ErrorCallback
 .text.HAL_UARTEx_RxEventCallback
                0x00000000080082f8       0x18 ./Drivers/STM32F4xx_HAL_Driver/Src/stm32f4xx_hal_uart.o
                0x00000000080082f8                HAL_UARTEx_RxEventCallback
 .text.UART_WaitOnFlagUntilTimeout
                0x0000000008008310       0xdc ./Drivers/STM32F4xx_HAL_Driver/Src/stm32f4xx_hal_uart.o
 .text.UART_Start_Receive_IT
                0x00000000080083ec       0x7c ./Drivers/STM32F4xx_HAL_Driver/Src/stm32f4xx_hal_uart.o
                0x00000000080083ec                UART_Start_Receive_IT
 .text.UART_EndRxTransfer
                0x0000000008008468       0xc6 ./Drivers/STM32F4xx_HAL_Driver/Src/stm32f4xx_hal_uart.o
 .text.UART_DMAAbortOnError
                0x000000000800852e       0x28 ./Drivers/STM32F4xx_HAL_Driver/Src/stm32f4xx_hal_uart.o
 .text.UART_Transmit_IT
                0x0000000008008556       0xa0 ./Drivers/STM32F4xx_HAL_Driver/Src/stm32f4xx_hal_uart.o
 .text.UART_EndTransmit_IT
                0x00000000080085f6       0x30 ./Drivers/STM32F4xx_HAL_Driver/Src/stm32f4xx_hal_uart.o
 .text.UART_Receive_IT
                0x0000000008008626      0x176 ./Drivers/STM32F4xx_HAL_Driver/Src/stm32f4xx_hal_uart.o
 .text.UART_SetConfig
                0x000000000800879c      0x4e8 ./Drivers/STM32F4xx_HAL_Driver/Src/stm32f4xx_hal_uart.o
 .text.__NVIC_SetPriority
                0x0000000008008c84       0x54 ./Middlewares/Third_Party/FreeRTOS/Source/CMSIS_RTOS_V2/cmsis_os2.o
 .text.SVC_Setup
                0x0000000008008cd8       0x12 ./Middlewares/Third_Party/FreeRTOS/Source/CMSIS_RTOS_V2/cmsis_os2.o
 *fill*         0x0000000008008cea        0x2 
 .text.osKernelInitialize
                0x0000000008008cec       0x48 ./Middlewares/Third_Party/FreeRTOS/Source/CMSIS_RTOS_V2/cmsis_os2.o
                0x0000000008008cec                osKernelInitialize
 .text.osKernelStart
                0x0000000008008d34       0x4c ./Middlewares/Third_Party/FreeRTOS/Source/CMSIS_RTOS_V2/cmsis_os2.o
                0x0000000008008d34                osKernelStart
 .text.osThreadNew
                0x0000000008008d80      0x124 ./Middlewares/Third_Party/FreeRTOS/Source/CMSIS_RTOS_V2/cmsis_os2.o
                0x0000000008008d80                osThreadNew
 .text.osDelay  0x0000000008008ea4       0x36 ./Middlewares/Third_Party/FreeRTOS/Source/CMSIS_RTOS_V2/cmsis_os2.o
                0x0000000008008ea4                osDelay
 *fill*         0x0000000008008eda        0x2 
 .text.vApplicationGetIdleTaskMemory
                0x0000000008008edc       0x34 ./Middlewares/Third_Party/FreeRTOS/Source/CMSIS_RTOS_V2/cmsis_os2.o
                0x0000000008008edc                vApplicationGetIdleTaskMemory
 .text.vApplicationGetTimerTaskMemory
                0x0000000008008f10       0x34 ./Middlewares/Third_Party/FreeRTOS/Source/CMSIS_RTOS_V2/cmsis_os2.o
                0x0000000008008f10                vApplicationGetTimerTaskMemory
 .text.vListInitialise
                0x0000000008008f44       0x40 ./Middlewares/Third_Party/FreeRTOS/Source/list.o
                0x0000000008008f44                vListInitialise
 .text.vListInitialiseItem
                0x0000000008008f84       0x1a ./Middlewares/Third_Party/FreeRTOS/Source/list.o
                0x0000000008008f84                vListInitialiseItem
 .text.vListInsertEnd
                0x0000000008008f9e       0x48 ./Middlewares/Third_Party/FreeRTOS/Source/list.o
                0x0000000008008f9e                vListInsertEnd
 .text.vListInsert
                0x0000000008008fe6       0x72 ./Middlewares/Third_Party/FreeRTOS/Source/list.o
                0x0000000008008fe6                vListInsert
 .text.uxListRemove
                0x0000000008009058       0x54 ./Middlewares/Third_Party/FreeRTOS/Source/list.o
                0x0000000008009058                uxListRemove
 .text.xQueueGenericReset
                0x00000000080090ac       0xd0 ./Middlewares/Third_Party/FreeRTOS/Source/queue.o
                0x00000000080090ac                xQueueGenericReset
 .text.xQueueGenericCreateStatic
                0x000000000800917c       0xf0 ./Middlewares/Third_Party/FreeRTOS/Source/queue.o
                0x000000000800917c                xQueueGenericCreateStatic
 .text.prvInitialiseNewQueue
                0x000000000800926c       0x46 ./Middlewares/Third_Party/FreeRTOS/Source/queue.o
 *fill*         0x00000000080092b2        0x2 
 .text.xQueueGenericSend
                0x00000000080092b4      0x1fc ./Middlewares/Third_Party/FreeRTOS/Source/queue.o
                0x00000000080092b4                xQueueGenericSend
 .text.xQueueGenericSendFromISR
                0x00000000080094b0      0x136 ./Middlewares/Third_Party/FreeRTOS/Source/queue.o
                0x00000000080094b0                xQueueGenericSendFromISR
 *fill*         0x00000000080095e6        0x2 
 .text.xQueueReceive
                0x00000000080095e8      0x1c0 ./Middlewares/Third_Party/FreeRTOS/Source/queue.o
                0x00000000080095e8                xQueueReceive
 .text.prvCopyDataToQueue
                0x00000000080097a8       0xd4 ./Middlewares/Third_Party/FreeRTOS/Source/queue.o
 .text.prvCopyDataFromQueue
                0x000000000800987c       0x4c ./Middlewares/Third_Party/FreeRTOS/Source/queue.o
 .text.prvUnlockQueue
                0x00000000080098c8       0xa4 ./Middlewares/Third_Party/FreeRTOS/Source/queue.o
 .text.prvIsQueueEmpty
                0x000000000800996c       0x2c ./Middlewares/Third_Party/FreeRTOS/Source/queue.o
 .text.prvIsQueueFull
                0x0000000008009998       0x30 ./Middlewares/Third_Party/FreeRTOS/Source/queue.o
 .text.vQueueAddToRegistry
                0x00000000080099c8       0x54 ./Middlewares/Third_Party/FreeRTOS/Source/queue.o
                0x00000000080099c8                vQueueAddToRegistry
 .text.vQueueWaitForMessageRestricted
                0x0000000008009a1c       0x68 ./Middlewares/Third_Party/FreeRTOS/Source/queue.o
                0x0000000008009a1c                vQueueWaitForMessageRestricted
 .text.xTaskCreateStatic
                0x0000000008009a84       0xba ./Middlewares/Third_Party/FreeRTOS/Source/tasks.o
                0x0000000008009a84                xTaskCreateStatic
 .text.xTaskCreate
                0x0000000008009b3e       0x8a ./Middlewares/Third_Party/FreeRTOS/Source/tasks.o
                0x0000000008009b3e                xTaskCreate
 .text.prvInitialiseNewTask
                0x0000000008009bc8      0x14c ./Middlewares/Third_Party/FreeRTOS/Source/tasks.o
 .text.prvAddNewTaskToReadyList
                0x0000000008009d14       0xe0 ./Middlewares/Third_Party/FreeRTOS/Source/tasks.o
 .text.vTaskDelay
                0x0000000008009df4       0x68 ./Middlewares/Third_Party/FreeRTOS/Source/tasks.o
                0x0000000008009df4                vTaskDelay
 .text.vTaskStartScheduler
                0x0000000008009e5c       0xe0 ./Middlewares/Third_Party/FreeRTOS/Source/tasks.o
                0x0000000008009e5c                vTaskStartScheduler
 .text.vTaskSuspendAll
                0x0000000008009f3c       0x1c ./Middlewares/Third_Party/FreeRTOS/Source/tasks.o
                0x0000000008009f3c                vTaskSuspendAll
 .text.xTaskResumeAll
                0x0000000008009f58      0x13c ./Middlewares/Third_Party/FreeRTOS/Source/tasks.o
                0x0000000008009f58                xTaskResumeAll
 .text.xTaskGetTickCount
                0x000000000800a094       0x20 ./Middlewares/Third_Party/FreeRTOS/Source/tasks.o
                0x000000000800a094                xTaskGetTickCount
 .text.xTaskIncrementTick
                0x000000000800a0b4      0x174 ./Middlewares/Third_Party/FreeRTOS/Source/tasks.o
                0x000000000800a0b4                xTaskIncrementTick
 .text.vTaskSwitchContext
                0x000000000800a228       0xc8 ./Middlewares/Third_Party/FreeRTOS/Source/tasks.o
                0x000000000800a228                vTaskSwitchContext
 .text.vTaskPlaceOnEventList
                0x000000000800a2f0       0x48 ./Middlewares/Third_Party/FreeRTOS/Source/tasks.o
                0x000000000800a2f0                vTaskPlaceOnEventList
 .text.vTaskPlaceOnEventListRestricted
                0x000000000800a338       0x58 ./Middlewares/Third_Party/FreeRTOS/Source/tasks.o
                0x000000000800a338                vTaskPlaceOnEventListRestricted
 .text.xTaskRemoveFromEventList
                0x000000000800a390       0xc8 ./Middlewares/Third_Party/FreeRTOS/Source/tasks.o
                0x000000000800a390                xTaskRemoveFromEventList
 .text.vTaskInternalSetTimeOutState
                0x000000000800a458       0x2c ./Middlewares/Third_Party/FreeRTOS/Source/tasks.o
                0x000000000800a458                vTaskInternalSetTimeOutState
 .text.xTaskCheckForTimeOut
                0x000000000800a484       0xc4 ./Middlewares/Third_Party/FreeRTOS/Source/tasks.o
                0x000000000800a484                xTaskCheckForTimeOut
 .text.vTaskMissedYield
                0x000000000800a548       0x18 ./Middlewares/Third_Party/FreeRTOS/Source/tasks.o
                0x000000000800a548                vTaskMissedYield
 .text.prvIdleTask
                0x000000000800a560       0x30 ./Middlewares/Third_Party/FreeRTOS/Source/tasks.o
 .text.prvInitialiseTaskLists
                0x000000000800a590       0x80 ./Middlewares/Third_Party/FreeRTOS/Source/tasks.o
 .text.prvCheckTasksWaitingTermination
                0x000000000800a610       0x5c ./Middlewares/Third_Party/FreeRTOS/Source/tasks.o
 .text.prvDeleteTCB
                0x000000000800a66c       0x68 ./Middlewares/Third_Party/FreeRTOS/Source/tasks.o
 .text.prvResetNextTaskUnblockTime
                0x000000000800a6d4       0x40 ./Middlewares/Third_Party/FreeRTOS/Source/tasks.o
 .text.xTaskGetSchedulerState
                0x000000000800a714       0x3c ./Middlewares/Third_Party/FreeRTOS/Source/tasks.o
                0x000000000800a714                xTaskGetSchedulerState
 .text.xTaskPriorityDisinherit
                0x000000000800a750       0xdc ./Middlewares/Third_Party/FreeRTOS/Source/tasks.o
                0x000000000800a750                xTaskPriorityDisinherit
 .text.prvAddCurrentTaskToDelayedList
                0x000000000800a82c       0xa8 ./Middlewares/Third_Party/FreeRTOS/Source/tasks.o
 .text.xTimerCreateTimerTask
                0x000000000800a8d4       0x90 ./Middlewares/Third_Party/FreeRTOS/Source/timers.o
                0x000000000800a8d4                xTimerCreateTimerTask
 .text.xTimerGenericCommand
                0x000000000800a964       0x9c ./Middlewares/Third_Party/FreeRTOS/Source/timers.o
                0x000000000800a964                xTimerGenericCommand
 .text.prvProcessExpiredTimer
                0x000000000800aa00       0x98 ./Middlewares/Third_Party/FreeRTOS/Source/timers.o
 .text.prvTimerTask
                0x000000000800aa98       0x24 ./Middlewares/Third_Party/FreeRTOS/Source/timers.o
 .text.prvProcessTimerOrBlockTask
                0x000000000800aabc       0x9c ./Middlewares/Third_Party/FreeRTOS/Source/timers.o
 .text.prvGetNextExpireTime
                0x000000000800ab58       0x48 ./Middlewares/Third_Party/FreeRTOS/Source/timers.o
 .text.prvSampleTimeNow
                0x000000000800aba0       0x40 ./Middlewares/Third_Party/FreeRTOS/Source/timers.o
 .text.prvInsertTimerInActiveList
                0x000000000800abe0       0x84 ./Middlewares/Third_Party/FreeRTOS/Source/timers.o
 .text.prvProcessReceivedCommands
                0x000000000800ac64      0x1c4 ./Middlewares/Third_Party/FreeRTOS/Source/timers.o
 .text.prvSwitchTimerLists
                0x000000000800ae28       0xc8 ./Middlewares/Third_Party/FreeRTOS/Source/timers.o
 .text.prvCheckForValidListAndQueue
                0x000000000800aef0       0x80 ./Middlewares/Third_Party/FreeRTOS/Source/timers.o
 .text.pxPortInitialiseStack
                0x000000000800af70       0x68 ./Middlewares/Third_Party/FreeRTOS/Source/portable/GCC/ARM_CM4F/port.o
                0x000000000800af70                pxPortInitialiseStack
 .text.prvTaskExitError
                0x000000000800afd8       0x58 ./Middlewares/Third_Party/FreeRTOS/Source/portable/GCC/ARM_CM4F/port.o
 .text.SVC_Handler
                0x000000000800b030       0x28 ./Middlewares/Third_Party/FreeRTOS/Source/portable/GCC/ARM_CM4F/port.o
                0x000000000800b030                SVC_Handler
 .text.prvPortStartFirstTask
                0x000000000800b058       0x28 ./Middlewares/Third_Party/FreeRTOS/Source/portable/GCC/ARM_CM4F/port.o
 .text.xPortStartScheduler
                0x000000000800b080      0x144 ./Middlewares/Third_Party/FreeRTOS/Source/portable/GCC/ARM_CM4F/port.o
                0x000000000800b080                xPortStartScheduler
 .text.vPortEnterCritical
                0x000000000800b1c4       0x60 ./Middlewares/Third_Party/FreeRTOS/Source/portable/GCC/ARM_CM4F/port.o
                0x000000000800b1c4                vPortEnterCritical
 .text.vPortExitCritical
                0x000000000800b224       0x54 ./Middlewares/Third_Party/FreeRTOS/Source/portable/GCC/ARM_CM4F/port.o
                0x000000000800b224                vPortExitCritical
 *fill*         0x000000000800b278        0x8 
 .text.PendSV_Handler
                0x000000000800b280       0x68 ./Middlewares/Third_Party/FreeRTOS/Source/portable/GCC/ARM_CM4F/port.o
                0x000000000800b280                PendSV_Handler
 .text.xPortSysTickHandler
                0x000000000800b2e8       0x44 ./Middlewares/Third_Party/FreeRTOS/Source/portable/GCC/ARM_CM4F/port.o
                0x000000000800b2e8                xPortSysTickHandler
 .text.vPortSetupTimerInterrupt
                0x000000000800b32c       0x48 ./Middlewares/Third_Party/FreeRTOS/Source/portable/GCC/ARM_CM4F/port.o
                0x000000000800b32c                vPortSetupTimerInterrupt
 .text.vPortEnableVFP
                0x000000000800b374       0x14 ./Middlewares/Third_Party/FreeRTOS/Source/portable/GCC/ARM_CM4F/port.o
 .text.vPortValidateInterruptPriority
                0x000000000800b388       0x80 ./Middlewares/Third_Party/FreeRTOS/Source/portable/GCC/ARM_CM4F/port.o
                0x000000000800b388                vPortValidateInterruptPriority
 .text.pvPortMalloc
                0x000000000800b408      0x198 ./Middlewares/Third_Party/FreeRTOS/Source/portable/MemMang/heap_4.o
                0x000000000800b408                pvPortMalloc
 .text.vPortFree
                0x000000000800b5a0       0xc4 ./Middlewares/Third_Party/FreeRTOS/Source/portable/MemMang/heap_4.o
                0x000000000800b5a0                vPortFree
 .text.prvHeapInit
                0x000000000800b664       0xc4 ./Middlewares/Third_Party/FreeRTOS/Source/portable/MemMang/heap_4.o
 .text.prvInsertBlockIntoFreeList
                0x000000000800b728       0xb4 ./Middlewares/Third_Party/FreeRTOS/Source/portable/MemMang/heap_4.o
 .text.__cvt    0x000000000800b7dc       0xc4 C:/Users/yinca/STM32CubeIDE_1.13.1/STM32CubeIDE/plugins/com.st.stm32cube.ide.mcu.externaltools.gnu-tools-for-stm32.11.3.rel1.win32_1.1.0.202305231506/tools/bin/../lib/gcc/arm-none-eabi/11.3.1/../../../../arm-none-eabi/lib/thumb/v7e-m+fp/hard\libc_nano.a(libc_a-nano-vfprintf_float.o)
                0x000000000800b7dc                __cvt
 .text.__exponent
                0x000000000800b8a0       0x7c C:/Users/yinca/STM32CubeIDE_1.13.1/STM32CubeIDE/plugins/com.st.stm32cube.ide.mcu.externaltools.gnu-tools-for-stm32.11.3.rel1.win32_1.1.0.202305231506/tools/bin/../lib/gcc/arm-none-eabi/11.3.1/../../../../arm-none-eabi/lib/thumb/v7e-m+fp/hard\libc_nano.a(libc_a-nano-vfprintf_float.o)
                0x000000000800b8a0                __exponent
 .text._printf_float
                0x000000000800b91c      0x46c C:/Users/yinca/STM32CubeIDE_1.13.1/STM32CubeIDE/plugins/com.st.stm32cube.ide.mcu.externaltools.gnu-tools-for-stm32.11.3.rel1.win32_1.1.0.202305231506/tools/bin/../lib/gcc/arm-none-eabi/11.3.1/../../../../arm-none-eabi/lib/thumb/v7e-m+fp/hard\libc_nano.a(libc_a-nano-vfprintf_float.o)
                0x000000000800b91c                _printf_float
 .text._printf_common
                0x000000000800bd88       0xda C:/Users/yinca/STM32CubeIDE_1.13.1/STM32CubeIDE/plugins/com.st.stm32cube.ide.mcu.externaltools.gnu-tools-for-stm32.11.3.rel1.win32_1.1.0.202305231506/tools/bin/../lib/gcc/arm-none-eabi/11.3.1/../../../../arm-none-eabi/lib/thumb/v7e-m+fp/hard\libc_nano.a(libc_a-nano-vfprintf_i.o)
                0x000000000800bd88                _printf_common
 *fill*         0x000000000800be62        0x2 
 .text._printf_i
                0x000000000800be64      0x244 C:/Users/yinca/STM32CubeIDE_1.13.1/STM32CubeIDE/plugins/com.st.stm32cube.ide.mcu.externaltools.gnu-tools-for-stm32.11.3.rel1.win32_1.1.0.202305231506/tools/bin/../lib/gcc/arm-none-eabi/11.3.1/../../../../arm-none-eabi/lib/thumb/v7e-m+fp/hard\libc_nano.a(libc_a-nano-vfprintf_i.o)
                0x000000000800be64                _printf_i
 .text.std      0x000000000800c0a8       0x48 C:/Users/yinca/STM32CubeIDE_1.13.1/STM32CubeIDE/plugins/com.st.stm32cube.ide.mcu.externaltools.gnu-tools-for-stm32.11.3.rel1.win32_1.1.0.202305231506/tools/bin/../lib/gcc/arm-none-eabi/11.3.1/../../../../arm-none-eabi/lib/thumb/v7e-m+fp/hard\libc_nano.a(libc_a-findfp.o)
 .text.stdio_exit_handler
                0x000000000800c0f0       0x18 C:/Users/yinca/STM32CubeIDE_1.13.1/STM32CubeIDE/plugins/com.st.stm32cube.ide.mcu.externaltools.gnu-tools-for-stm32.11.3.rel1.win32_1.1.0.202305231506/tools/bin/../lib/gcc/arm-none-eabi/11.3.1/../../../../arm-none-eabi/lib/thumb/v7e-m+fp/hard\libc_nano.a(libc_a-findfp.o)
 .text.cleanup_stdio
                0x000000000800c108       0x40 C:/Users/yinca/STM32CubeIDE_1.13.1/STM32CubeIDE/plugins/com.st.stm32cube.ide.mcu.externaltools.gnu-tools-for-stm32.11.3.rel1.win32_1.1.0.202305231506/tools/bin/../lib/gcc/arm-none-eabi/11.3.1/../../../../arm-none-eabi/lib/thumb/v7e-m+fp/hard\libc_nano.a(libc_a-findfp.o)
 .text.global_stdio_init.part.0
                0x000000000800c148       0x3c C:/Users/yinca/STM32CubeIDE_1.13.1/STM32CubeIDE/plugins/com.st.stm32cube.ide.mcu.externaltools.gnu-tools-for-stm32.11.3.rel1.win32_1.1.0.202305231506/tools/bin/../lib/gcc/arm-none-eabi/11.3.1/../../../../arm-none-eabi/lib/thumb/v7e-m+fp/hard\libc_nano.a(libc_a-findfp.o)
 .text.__sfp_lock_acquire
                0x000000000800c184        0xc C:/Users/yinca/STM32CubeIDE_1.13.1/STM32CubeIDE/plugins/com.st.stm32cube.ide.mcu.externaltools.gnu-tools-for-stm32.11.3.rel1.win32_1.1.0.202305231506/tools/bin/../lib/gcc/arm-none-eabi/11.3.1/../../../../arm-none-eabi/lib/thumb/v7e-m+fp/hard\libc_nano.a(libc_a-findfp.o)
                0x000000000800c184                __sfp_lock_acquire
 .text.__sfp_lock_release
                0x000000000800c190        0xc C:/Users/yinca/STM32CubeIDE_1.13.1/STM32CubeIDE/plugins/com.st.stm32cube.ide.mcu.externaltools.gnu-tools-for-stm32.11.3.rel1.win32_1.1.0.202305231506/tools/bin/../lib/gcc/arm-none-eabi/11.3.1/../../../../arm-none-eabi/lib/thumb/v7e-m+fp/hard\libc_nano.a(libc_a-findfp.o)
                0x000000000800c190                __sfp_lock_release
 .text.__sinit  0x000000000800c19c       0x30 C:/Users/yinca/STM32CubeIDE_1.13.1/STM32CubeIDE/plugins/com.st.stm32cube.ide.mcu.externaltools.gnu-tools-for-stm32.11.3.rel1.win32_1.1.0.202305231506/tools/bin/../lib/gcc/arm-none-eabi/11.3.1/../../../../arm-none-eabi/lib/thumb/v7e-m+fp/hard\libc_nano.a(libc_a-findfp.o)
                0x000000000800c19c                __sinit
 .text._fwalk_sglue
                0x000000000800c1cc       0x3c C:/Users/yinca/STM32CubeIDE_1.13.1/STM32CubeIDE/plugins/com.st.stm32cube.ide.mcu.externaltools.gnu-tools-for-stm32.11.3.rel1.win32_1.1.0.202305231506/tools/bin/../lib/gcc/arm-none-eabi/11.3.1/../../../../arm-none-eabi/lib/thumb/v7e-m+fp/hard\libc_nano.a(libc_a-fwalk.o)
                0x000000000800c1cc                _fwalk_sglue
 .text.sprintf  0x000000000800c208       0x40 C:/Users/yinca/STM32CubeIDE_1.13.1/STM32CubeIDE/plugins/com.st.stm32cube.ide.mcu.externaltools.gnu-tools-for-stm32.11.3.rel1.win32_1.1.0.202305231506/tools/bin/../lib/gcc/arm-none-eabi/11.3.1/../../../../arm-none-eabi/lib/thumb/v7e-m+fp/hard\libc_nano.a(libc_a-sprintf.o)
                0x000000000800c208                siprintf
                0x000000000800c208                sprintf
 .text.__sread  0x000000000800c248       0x22 C:/Users/yinca/STM32CubeIDE_1.13.1/STM32CubeIDE/plugins/com.st.stm32cube.ide.mcu.externaltools.gnu-tools-for-stm32.11.3.rel1.win32_1.1.0.202305231506/tools/bin/../lib/gcc/arm-none-eabi/11.3.1/../../../../arm-none-eabi/lib/thumb/v7e-m+fp/hard\libc_nano.a(libc_a-stdio.o)
                0x000000000800c248                __sread
 .text.__swrite
                0x000000000800c26a       0x38 C:/Users/yinca/STM32CubeIDE_1.13.1/STM32CubeIDE/plugins/com.st.stm32cube.ide.mcu.externaltools.gnu-tools-for-stm32.11.3.rel1.win32_1.1.0.202305231506/tools/bin/../lib/gcc/arm-none-eabi/11.3.1/../../../../arm-none-eabi/lib/thumb/v7e-m+fp/hard\libc_nano.a(libc_a-stdio.o)
                0x000000000800c26a                __swrite
 .text.__sseek  0x000000000800c2a2       0x24 C:/Users/yinca/STM32CubeIDE_1.13.1/STM32CubeIDE/plugins/com.st.stm32cube.ide.mcu.externaltools.gnu-tools-for-stm32.11.3.rel1.win32_1.1.0.202305231506/tools/bin/../lib/gcc/arm-none-eabi/11.3.1/../../../../arm-none-eabi/lib/thumb/v7e-m+fp/hard\libc_nano.a(libc_a-stdio.o)
                0x000000000800c2a2                __sseek
 .text.__sclose
                0x000000000800c2c6        0x8 C:/Users/yinca/STM32CubeIDE_1.13.1/STM32CubeIDE/plugins/com.st.stm32cube.ide.mcu.externaltools.gnu-tools-for-stm32.11.3.rel1.win32_1.1.0.202305231506/tools/bin/../lib/gcc/arm-none-eabi/11.3.1/../../../../arm-none-eabi/lib/thumb/v7e-m+fp/hard\libc_nano.a(libc_a-stdio.o)
                0x000000000800c2c6                __sclose
 .text.memset   0x000000000800c2ce       0x10 C:/Users/yinca/STM32CubeIDE_1.13.1/STM32CubeIDE/plugins/com.st.stm32cube.ide.mcu.externaltools.gnu-tools-for-stm32.11.3.rel1.win32_1.1.0.202305231506/tools/bin/../lib/gcc/arm-none-eabi/11.3.1/../../../../arm-none-eabi/lib/thumb/v7e-m+fp/hard\libc_nano.a(libc_a-memset.o)
                0x000000000800c2ce                memset
 *fill*         0x000000000800c2de        0x2 
 .text._localeconv_r
                0x000000000800c2e0        0x8 C:/Users/yinca/STM32CubeIDE_1.13.1/STM32CubeIDE/plugins/com.st.stm32cube.ide.mcu.externaltools.gnu-tools-for-stm32.11.3.rel1.win32_1.1.0.202305231506/tools/bin/../lib/gcc/arm-none-eabi/11.3.1/../../../../arm-none-eabi/lib/thumb/v7e-m+fp/hard\libc_nano.a(libc_a-localeconv.o)
                0x000000000800c2e0                _localeconv_r
 .text._close_r
                0x000000000800c2e8       0x20 C:/Users/yinca/STM32CubeIDE_1.13.1/STM32CubeIDE/plugins/com.st.stm32cube.ide.mcu.externaltools.gnu-tools-for-stm32.11.3.rel1.win32_1.1.0.202305231506/tools/bin/../lib/gcc/arm-none-eabi/11.3.1/../../../../arm-none-eabi/lib/thumb/v7e-m+fp/hard\libc_nano.a(libc_a-closer.o)
                0x000000000800c2e8                _close_r
 .text._reclaim_reent
                0x000000000800c308       0xac C:/Users/yinca/STM32CubeIDE_1.13.1/STM32CubeIDE/plugins/com.st.stm32cube.ide.mcu.externaltools.gnu-tools-for-stm32.11.3.rel1.win32_1.1.0.202305231506/tools/bin/../lib/gcc/arm-none-eabi/11.3.1/../../../../arm-none-eabi/lib/thumb/v7e-m+fp/hard\libc_nano.a(libc_a-reent.o)
                0x000000000800c308                _reclaim_reent
 .text._lseek_r
                0x000000000800c3b4       0x24 C:/Users/yinca/STM32CubeIDE_1.13.1/STM32CubeIDE/plugins/com.st.stm32cube.ide.mcu.externaltools.gnu-tools-for-stm32.11.3.rel1.win32_1.1.0.202305231506/tools/bin/../lib/gcc/arm-none-eabi/11.3.1/../../../../arm-none-eabi/lib/thumb/v7e-m+fp/hard\libc_nano.a(libc_a-lseekr.o)
                0x000000000800c3b4                _lseek_r
 .text._read_r  0x000000000800c3d8       0x24 C:/Users/yinca/STM32CubeIDE_1.13.1/STM32CubeIDE/plugins/com.st.stm32cube.ide.mcu.externaltools.gnu-tools-for-stm32.11.3.rel1.win32_1.1.0.202305231506/tools/bin/../lib/gcc/arm-none-eabi/11.3.1/../../../../arm-none-eabi/lib/thumb/v7e-m+fp/hard\libc_nano.a(libc_a-readr.o)
                0x000000000800c3d8                _read_r
 .text._write_r
                0x000000000800c3fc       0x24 C:/Users/yinca/STM32CubeIDE_1.13.1/STM32CubeIDE/plugins/com.st.stm32cube.ide.mcu.externaltools.gnu-tools-for-stm32.11.3.rel1.win32_1.1.0.202305231506/tools/bin/../lib/gcc/arm-none-eabi/11.3.1/../../../../arm-none-eabi/lib/thumb/v7e-m+fp/hard\libc_nano.a(libc_a-writer.o)
                0x000000000800c3fc                _write_r
 .text.__errno  0x000000000800c420        0xc C:/Users/yinca/STM32CubeIDE_1.13.1/STM32CubeIDE/plugins/com.st.stm32cube.ide.mcu.externaltools.gnu-tools-for-stm32.11.3.rel1.win32_1.1.0.202305231506/tools/bin/../lib/gcc/arm-none-eabi/11.3.1/../../../../arm-none-eabi/lib/thumb/v7e-m+fp/hard\libc_nano.a(libc_a-errno.o)
                0x000000000800c420                __errno
 .text.__libc_init_array
                0x000000000800c42c       0x48 C:/Users/yinca/STM32CubeIDE_1.13.1/STM32CubeIDE/plugins/com.st.stm32cube.ide.mcu.externaltools.gnu-tools-for-stm32.11.3.rel1.win32_1.1.0.202305231506/tools/bin/../lib/gcc/arm-none-eabi/11.3.1/../../../../arm-none-eabi/lib/thumb/v7e-m+fp/hard\libc_nano.a(libc_a-init.o)
                0x000000000800c42c                __libc_init_array
 .text.__retarget_lock_acquire_recursive
                0x000000000800c474        0x2 C:/Users/yinca/STM32CubeIDE_1.13.1/STM32CubeIDE/plugins/com.st.stm32cube.ide.mcu.externaltools.gnu-tools-for-stm32.11.3.rel1.win32_1.1.0.202305231506/tools/bin/../lib/gcc/arm-none-eabi/11.3.1/../../../../arm-none-eabi/lib/thumb/v7e-m+fp/hard\libc_nano.a(libc_a-lock.o)
                0x000000000800c474                __retarget_lock_acquire_recursive
 .text.__retarget_lock_release_recursive
                0x000000000800c476        0x2 C:/Users/yinca/STM32CubeIDE_1.13.1/STM32CubeIDE/plugins/com.st.stm32cube.ide.mcu.externaltools.gnu-tools-for-stm32.11.3.rel1.win32_1.1.0.202305231506/tools/bin/../lib/gcc/arm-none-eabi/11.3.1/../../../../arm-none-eabi/lib/thumb/v7e-m+fp/hard\libc_nano.a(libc_a-lock.o)
                0x000000000800c476                __retarget_lock_release_recursive
 .text.memcpy   0x000000000800c478       0x1c C:/Users/yinca/STM32CubeIDE_1.13.1/STM32CubeIDE/plugins/com.st.stm32cube.ide.mcu.externaltools.gnu-tools-for-stm32.11.3.rel1.win32_1.1.0.202305231506/tools/bin/../lib/gcc/arm-none-eabi/11.3.1/../../../../arm-none-eabi/lib/thumb/v7e-m+fp/hard\libc_nano.a(libc_a-memcpy-stub.o)
                0x000000000800c478                memcpy
 .text.quorem   0x000000000800c494      0x110 C:/Users/yinca/STM32CubeIDE_1.13.1/STM32CubeIDE/plugins/com.st.stm32cube.ide.mcu.externaltools.gnu-tools-for-stm32.11.3.rel1.win32_1.1.0.202305231506/tools/bin/../lib/gcc/arm-none-eabi/11.3.1/../../../../arm-none-eabi/lib/thumb/v7e-m+fp/hard\libc_nano.a(libc_a-dtoa.o)
 *fill*         0x000000000800c5a4        0x4 
 .text._dtoa_r  0x000000000800c5a8      0xbe4 C:/Users/yinca/STM32CubeIDE_1.13.1/STM32CubeIDE/plugins/com.st.stm32cube.ide.mcu.externaltools.gnu-tools-for-stm32.11.3.rel1.win32_1.1.0.202305231506/tools/bin/../lib/gcc/arm-none-eabi/11.3.1/../../../../arm-none-eabi/lib/thumb/v7e-m+fp/hard\libc_nano.a(libc_a-dtoa.o)
                0x000000000800c5a8                _dtoa_r
 .text._free_r  0x000000000800d18c       0x98 C:/Users/yinca/STM32CubeIDE_1.13.1/STM32CubeIDE/plugins/com.st.stm32cube.ide.mcu.externaltools.gnu-tools-for-stm32.11.3.rel1.win32_1.1.0.202305231506/tools/bin/../lib/gcc/arm-none-eabi/11.3.1/../../../../arm-none-eabi/lib/thumb/v7e-m+fp/hard\libc_nano.a(libc_a-freer.o)
                0x000000000800d18c                _free_r
 .text.malloc   0x000000000800d224       0x10 C:/Users/yinca/STM32CubeIDE_1.13.1/STM32CubeIDE/plugins/com.st.stm32cube.ide.mcu.externaltools.gnu-tools-for-stm32.11.3.rel1.win32_1.1.0.202305231506/tools/bin/../lib/gcc/arm-none-eabi/11.3.1/../../../../arm-none-eabi/lib/thumb/v7e-m+fp/hard\libc_nano.a(libc_a-malloc.o)
                0x000000000800d224                malloc
 .text.sbrk_aligned
                0x000000000800d234       0x40 C:/Users/yinca/STM32CubeIDE_1.13.1/STM32CubeIDE/plugins/com.st.stm32cube.ide.mcu.externaltools.gnu-tools-for-stm32.11.3.rel1.win32_1.1.0.202305231506/tools/bin/../lib/gcc/arm-none-eabi/11.3.1/../../../../arm-none-eabi/lib/thumb/v7e-m+fp/hard\libc_nano.a(libc_a-mallocr.o)
 .text._malloc_r
                0x000000000800d274      0x100 C:/Users/yinca/STM32CubeIDE_1.13.1/STM32CubeIDE/plugins/com.st.stm32cube.ide.mcu.externaltools.gnu-tools-for-stm32.11.3.rel1.win32_1.1.0.202305231506/tools/bin/../lib/gcc/arm-none-eabi/11.3.1/../../../../arm-none-eabi/lib/thumb/v7e-m+fp/hard\libc_nano.a(libc_a-mallocr.o)
                0x000000000800d274                _malloc_r
 .text.__malloc_lock
                0x000000000800d374        0xc C:/Users/yinca/STM32CubeIDE_1.13.1/STM32CubeIDE/plugins/com.st.stm32cube.ide.mcu.externaltools.gnu-tools-for-stm32.11.3.rel1.win32_1.1.0.202305231506/tools/bin/../lib/gcc/arm-none-eabi/11.3.1/../../../../arm-none-eabi/lib/thumb/v7e-m+fp/hard\libc_nano.a(libc_a-mlock.o)
                0x000000000800d374                __malloc_lock
 .text.__malloc_unlock
                0x000000000800d380        0xc C:/Users/yinca/STM32CubeIDE_1.13.1/STM32CubeIDE/plugins/com.st.stm32cube.ide.mcu.externaltools.gnu-tools-for-stm32.11.3.rel1.win32_1.1.0.202305231506/tools/bin/../lib/gcc/arm-none-eabi/11.3.1/../../../../arm-none-eabi/lib/thumb/v7e-m+fp/hard\libc_nano.a(libc_a-mlock.o)
                0x000000000800d380                __malloc_unlock
 .text._Balloc  0x000000000800d38c       0x80 C:/Users/yinca/STM32CubeIDE_1.13.1/STM32CubeIDE/plugins/com.st.stm32cube.ide.mcu.externaltools.gnu-tools-for-stm32.11.3.rel1.win32_1.1.0.202305231506/tools/bin/../lib/gcc/arm-none-eabi/11.3.1/../../../../arm-none-eabi/lib/thumb/v7e-m+fp/hard\libc_nano.a(libc_a-mprec.o)
                0x000000000800d38c                _Balloc
 .text._Bfree   0x000000000800d40c       0x44 C:/Users/yinca/STM32CubeIDE_1.13.1/STM32CubeIDE/plugins/com.st.stm32cube.ide.mcu.externaltools.gnu-tools-for-stm32.11.3.rel1.win32_1.1.0.202305231506/tools/bin/../lib/gcc/arm-none-eabi/11.3.1/../../../../arm-none-eabi/lib/thumb/v7e-m+fp/hard\libc_nano.a(libc_a-mprec.o)
                0x000000000800d40c                _Bfree
 .text.__multadd
                0x000000000800d450       0x8c C:/Users/yinca/STM32CubeIDE_1.13.1/STM32CubeIDE/plugins/com.st.stm32cube.ide.mcu.externaltools.gnu-tools-for-stm32.11.3.rel1.win32_1.1.0.202305231506/tools/bin/../lib/gcc/arm-none-eabi/11.3.1/../../../../arm-none-eabi/lib/thumb/v7e-m+fp/hard\libc_nano.a(libc_a-mprec.o)
                0x000000000800d450                __multadd
 .text.__hi0bits
                0x000000000800d4dc       0x40 C:/Users/yinca/STM32CubeIDE_1.13.1/STM32CubeIDE/plugins/com.st.stm32cube.ide.mcu.externaltools.gnu-tools-for-stm32.11.3.rel1.win32_1.1.0.202305231506/tools/bin/../lib/gcc/arm-none-eabi/11.3.1/../../../../arm-none-eabi/lib/thumb/v7e-m+fp/hard\libc_nano.a(libc_a-mprec.o)
                0x000000000800d4dc                __hi0bits
 .text.__lo0bits
                0x000000000800d51c       0x5a C:/Users/yinca/STM32CubeIDE_1.13.1/STM32CubeIDE/plugins/com.st.stm32cube.ide.mcu.externaltools.gnu-tools-for-stm32.11.3.rel1.win32_1.1.0.202305231506/tools/bin/../lib/gcc/arm-none-eabi/11.3.1/../../../../arm-none-eabi/lib/thumb/v7e-m+fp/hard\libc_nano.a(libc_a-mprec.o)
                0x000000000800d51c                __lo0bits
 *fill*         0x000000000800d576        0x2 
 .text.__i2b    0x000000000800d578       0x2c C:/Users/yinca/STM32CubeIDE_1.13.1/STM32CubeIDE/plugins/com.st.stm32cube.ide.mcu.externaltools.gnu-tools-for-stm32.11.3.rel1.win32_1.1.0.202305231506/tools/bin/../lib/gcc/arm-none-eabi/11.3.1/../../../../arm-none-eabi/lib/thumb/v7e-m+fp/hard\libc_nano.a(libc_a-mprec.o)
                0x000000000800d578                __i2b
 .text.__multiply
                0x000000000800d5a4      0x154 C:/Users/yinca/STM32CubeIDE_1.13.1/STM32CubeIDE/plugins/com.st.stm32cube.ide.mcu.externaltools.gnu-tools-for-stm32.11.3.rel1.win32_1.1.0.202305231506/tools/bin/../lib/gcc/arm-none-eabi/11.3.1/../../../../arm-none-eabi/lib/thumb/v7e-m+fp/hard\libc_nano.a(libc_a-mprec.o)
                0x000000000800d5a4                __multiply
 .text.__pow5mult
                0x000000000800d6f8       0xb4 C:/Users/yinca/STM32CubeIDE_1.13.1/STM32CubeIDE/plugins/com.st.stm32cube.ide.mcu.externaltools.gnu-tools-for-stm32.11.3.rel1.win32_1.1.0.202305231506/tools/bin/../lib/gcc/arm-none-eabi/11.3.1/../../../../arm-none-eabi/lib/thumb/v7e-m+fp/hard\libc_nano.a(libc_a-mprec.o)
                0x000000000800d6f8                __pow5mult
 .text.__lshift
                0x000000000800d7ac       0xd8 C:/Users/yinca/STM32CubeIDE_1.13.1/STM32CubeIDE/plugins/com.st.stm32cube.ide.mcu.externaltools.gnu-tools-for-stm32.11.3.rel1.win32_1.1.0.202305231506/tools/bin/../lib/gcc/arm-none-eabi/11.3.1/../../../../arm-none-eabi/lib/thumb/v7e-m+fp/hard\libc_nano.a(libc_a-mprec.o)
                0x000000000800d7ac                __lshift
 .text.__mcmp   0x000000000800d884       0x38 C:/Users/yinca/STM32CubeIDE_1.13.1/STM32CubeIDE/plugins/com.st.stm32cube.ide.mcu.externaltools.gnu-tools-for-stm32.11.3.rel1.win32_1.1.0.202305231506/tools/bin/../lib/gcc/arm-none-eabi/11.3.1/../../../../arm-none-eabi/lib/thumb/v7e-m+fp/hard\libc_nano.a(libc_a-mprec.o)
                0x000000000800d884                __mcmp
 .text.__mdiff  0x000000000800d8bc      0x114 C:/Users/yinca/STM32CubeIDE_1.13.1/STM32CubeIDE/plugins/com.st.stm32cube.ide.mcu.externaltools.gnu-tools-for-stm32.11.3.rel1.win32_1.1.0.202305231506/tools/bin/../lib/gcc/arm-none-eabi/11.3.1/../../../../arm-none-eabi/lib/thumb/v7e-m+fp/hard\libc_nano.a(libc_a-mprec.o)
                0x000000000800d8bc                __mdiff
 .text.__d2b    0x000000000800d9d0       0xb4 C:/Users/yinca/STM32CubeIDE_1.13.1/STM32CubeIDE/plugins/com.st.stm32cube.ide.mcu.externaltools.gnu-tools-for-stm32.11.3.rel1.win32_1.1.0.202305231506/tools/bin/../lib/gcc/arm-none-eabi/11.3.1/../../../../arm-none-eabi/lib/thumb/v7e-m+fp/hard\libc_nano.a(libc_a-mprec.o)
                0x000000000800d9d0                __d2b
 .text.__ssputs_r
                0x000000000800da84       0xb4 C:/Users/yinca/STM32CubeIDE_1.13.1/STM32CubeIDE/plugins/com.st.stm32cube.ide.mcu.externaltools.gnu-tools-for-stm32.11.3.rel1.win32_1.1.0.202305231506/tools/bin/../lib/gcc/arm-none-eabi/11.3.1/../../../../arm-none-eabi/lib/thumb/v7e-m+fp/hard\libc_nano.a(libc_a-nano-svfprintf.o)
                0x000000000800da84                __ssputs_r
 .text._svfprintf_r
                0x000000000800db38      0x1fc C:/Users/yinca/STM32CubeIDE_1.13.1/STM32CubeIDE/plugins/com.st.stm32cube.ide.mcu.externaltools.gnu-tools-for-stm32.11.3.rel1.win32_1.1.0.202305231506/tools/bin/../lib/gcc/arm-none-eabi/11.3.1/../../../../arm-none-eabi/lib/thumb/v7e-m+fp/hard\libc_nano.a(libc_a-nano-svfprintf.o)
                0x000000000800db38                _svfiprintf_r
                0x000000000800db38                _svfprintf_r
 .text.__sflush_r
                0x000000000800dd34      0x10c C:/Users/yinca/STM32CubeIDE_1.13.1/STM32CubeIDE/plugins/com.st.stm32cube.ide.mcu.externaltools.gnu-tools-for-stm32.11.3.rel1.win32_1.1.0.202305231506/tools/bin/../lib/gcc/arm-none-eabi/11.3.1/../../../../arm-none-eabi/lib/thumb/v7e-m+fp/hard\libc_nano.a(libc_a-fflush.o)
                0x000000000800dd34                __sflush_r
 .text._fflush_r
                0x000000000800de40       0x50 C:/Users/yinca/STM32CubeIDE_1.13.1/STM32CubeIDE/plugins/com.st.stm32cube.ide.mcu.externaltools.gnu-tools-for-stm32.11.3.rel1.win32_1.1.0.202305231506/tools/bin/../lib/gcc/arm-none-eabi/11.3.1/../../../../arm-none-eabi/lib/thumb/v7e-m+fp/hard\libc_nano.a(libc_a-fflush.o)
                0x000000000800de40                _fflush_r
 .text.memmove  0x000000000800de90       0x34 C:/Users/yinca/STM32CubeIDE_1.13.1/STM32CubeIDE/plugins/com.st.stm32cube.ide.mcu.externaltools.gnu-tools-for-stm32.11.3.rel1.win32_1.1.0.202305231506/tools/bin/../lib/gcc/arm-none-eabi/11.3.1/../../../../arm-none-eabi/lib/thumb/v7e-m+fp/hard\libc_nano.a(libc_a-memmove.o)
                0x000000000800de90                memmove
 .text._sbrk_r  0x000000000800dec4       0x20 C:/Users/yinca/STM32CubeIDE_1.13.1/STM32CubeIDE/plugins/com.st.stm32cube.ide.mcu.externaltools.gnu-tools-for-stm32.11.3.rel1.win32_1.1.0.202305231506/tools/bin/../lib/gcc/arm-none-eabi/11.3.1/../../../../arm-none-eabi/lib/thumb/v7e-m+fp/hard\libc_nano.a(libc_a-sbrkr.o)
                0x000000000800dec4                _sbrk_r
 .text.__assert_func
                0x000000000800dee4       0x3c C:/Users/yinca/STM32CubeIDE_1.13.1/STM32CubeIDE/plugins/com.st.stm32cube.ide.mcu.externaltools.gnu-tools-for-stm32.11.3.rel1.win32_1.1.0.202305231506/tools/bin/../lib/gcc/arm-none-eabi/11.3.1/../../../../arm-none-eabi/lib/thumb/v7e-m+fp/hard\libc_nano.a(libc_a-assert.o)
                0x000000000800dee4                __assert_func
 .text._calloc_r
                0x000000000800df20       0x2c C:/Users/yinca/STM32CubeIDE_1.13.1/STM32CubeIDE/plugins/com.st.stm32cube.ide.mcu.externaltools.gnu-tools-for-stm32.11.3.rel1.win32_1.1.0.202305231506/tools/bin/../lib/gcc/arm-none-eabi/11.3.1/../../../../arm-none-eabi/lib/thumb/v7e-m+fp/hard\libc_nano.a(libc_a-callocr.o)
                0x000000000800df20                _calloc_r
 .text.__ascii_mbtowc
                0x000000000800df4c       0x24 C:/Users/yinca/STM32CubeIDE_1.13.1/STM32CubeIDE/plugins/com.st.stm32cube.ide.mcu.externaltools.gnu-tools-for-stm32.11.3.rel1.win32_1.1.0.202305231506/tools/bin/../lib/gcc/arm-none-eabi/11.3.1/../../../../arm-none-eabi/lib/thumb/v7e-m+fp/hard\libc_nano.a(libc_a-mbtowc_r.o)
                0x000000000800df4c                __ascii_mbtowc
 .text._realloc_r
                0x000000000800df70       0x5e C:/Users/yinca/STM32CubeIDE_1.13.1/STM32CubeIDE/plugins/com.st.stm32cube.ide.mcu.externaltools.gnu-tools-for-stm32.11.3.rel1.win32_1.1.0.202305231506/tools/bin/../lib/gcc/arm-none-eabi/11.3.1/../../../../arm-none-eabi/lib/thumb/v7e-m+fp/hard\libc_nano.a(libc_a-reallocr.o)
                0x000000000800df70                _realloc_r
 .text.__ascii_wctomb
                0x000000000800dfce       0x1a C:/Users/yinca/STM32CubeIDE_1.13.1/STM32CubeIDE/plugins/com.st.stm32cube.ide.mcu.externaltools.gnu-tools-for-stm32.11.3.rel1.win32_1.1.0.202305231506/tools/bin/../lib/gcc/arm-none-eabi/11.3.1/../../../../arm-none-eabi/lib/thumb/v7e-m+fp/hard\libc_nano.a(libc_a-wctomb_r.o)
                0x000000000800dfce                __ascii_wctomb
 .text.fprintf  0x000000000800dfe8       0x24 C:/Users/yinca/STM32CubeIDE_1.13.1/STM32CubeIDE/plugins/com.st.stm32cube.ide.mcu.externaltools.gnu-tools-for-stm32.11.3.rel1.win32_1.1.0.202305231506/tools/bin/../lib/gcc/arm-none-eabi/11.3.1/../../../../arm-none-eabi/lib/thumb/v7e-m+fp/hard\libc_nano.a(libc_a-fprintf.o)
                0x000000000800dfe8                fiprintf
                0x000000000800dfe8                fprintf
 .text.abort    0x000000000800e00c        0xe C:/Users/yinca/STM32CubeIDE_1.13.1/STM32CubeIDE/plugins/com.st.stm32cube.ide.mcu.externaltools.gnu-tools-for-stm32.11.3.rel1.win32_1.1.0.202305231506/tools/bin/../lib/gcc/arm-none-eabi/11.3.1/../../../../arm-none-eabi/lib/thumb/v7e-m+fp/hard\libc_nano.a(libc_a-abort.o)
                0x000000000800e00c                abort
 .text._malloc_usable_size_r
                0x000000000800e01a       0x10 C:/Users/yinca/STM32CubeIDE_1.13.1/STM32CubeIDE/plugins/com.st.stm32cube.ide.mcu.externaltools.gnu-tools-for-stm32.11.3.rel1.win32_1.1.0.202305231506/tools/bin/../lib/gcc/arm-none-eabi/11.3.1/../../../../arm-none-eabi/lib/thumb/v7e-m+fp/hard\libc_nano.a(libc_a-msizer.o)
                0x000000000800e01a                _malloc_usable_size_r
 .text.__sfputc_r
                0x000000000800e02a       0x2e C:/Users/yinca/STM32CubeIDE_1.13.1/STM32CubeIDE/plugins/com.st.stm32cube.ide.mcu.externaltools.gnu-tools-for-stm32.11.3.rel1.win32_1.1.0.202305231506/tools/bin/../lib/gcc/arm-none-eabi/11.3.1/../../../../arm-none-eabi/lib/thumb/v7e-m+fp/hard\libc_nano.a(libc_a-nano-vfprintf.o)
 .text.__sfputs_r
                0x000000000800e058       0x24 C:/Users/yinca/STM32CubeIDE_1.13.1/STM32CubeIDE/plugins/com.st.stm32cube.ide.mcu.externaltools.gnu-tools-for-stm32.11.3.rel1.win32_1.1.0.202305231506/tools/bin/../lib/gcc/arm-none-eabi/11.3.1/../../../../arm-none-eabi/lib/thumb/v7e-m+fp/hard\libc_nano.a(libc_a-nano-vfprintf.o)
                0x000000000800e058                __sfputs_r
 .text._vfprintf_r
                0x000000000800e07c      0x234 C:/Users/yinca/STM32CubeIDE_1.13.1/STM32CubeIDE/plugins/com.st.stm32cube.ide.mcu.externaltools.gnu-tools-for-stm32.11.3.rel1.win32_1.1.0.202305231506/tools/bin/../lib/gcc/arm-none-eabi/11.3.1/../../../../arm-none-eabi/lib/thumb/v7e-m+fp/hard\libc_nano.a(libc_a-nano-vfprintf.o)
                0x000000000800e07c                _vfprintf_r
                0x000000000800e07c                _vfiprintf_r
 .text.__swbuf_r
                0x000000000800e2b0       0x7a C:/Users/yinca/STM32CubeIDE_1.13.1/STM32CubeIDE/plugins/com.st.stm32cube.ide.mcu.externaltools.gnu-tools-for-stm32.11.3.rel1.win32_1.1.0.202305231506/tools/bin/../lib/gcc/arm-none-eabi/11.3.1/../../../../arm-none-eabi/lib/thumb/v7e-m+fp/hard\libc_nano.a(libc_a-wbuf.o)
                0x000000000800e2b0                __swbuf_r
 *fill*         0x000000000800e32a        0x2 
 .text.__swsetup_r
                0x000000000800e32c       0xb0 C:/Users/yinca/STM32CubeIDE_1.13.1/STM32CubeIDE/plugins/com.st.stm32cube.ide.mcu.externaltools.gnu-tools-for-stm32.11.3.rel1.win32_1.1.0.202305231506/tools/bin/../lib/gcc/arm-none-eabi/11.3.1/../../../../arm-none-eabi/lib/thumb/v7e-m+fp/hard\libc_nano.a(libc_a-wsetup.o)
                0x000000000800e32c                __swsetup_r
 .text._raise_r
                0x000000000800e3dc       0x50 C:/Users/yinca/STM32CubeIDE_1.13.1/STM32CubeIDE/plugins/com.st.stm32cube.ide.mcu.externaltools.gnu-tools-for-stm32.11.3.rel1.win32_1.1.0.202305231506/tools/bin/../lib/gcc/arm-none-eabi/11.3.1/../../../../arm-none-eabi/lib/thumb/v7e-m+fp/hard\libc_nano.a(libc_a-signal.o)
                0x000000000800e3dc                _raise_r
 .text.raise    0x000000000800e42c       0x10 C:/Users/yinca/STM32CubeIDE_1.13.1/STM32CubeIDE/plugins/com.st.stm32cube.ide.mcu.externaltools.gnu-tools-for-stm32.11.3.rel1.win32_1.1.0.202305231506/tools/bin/../lib/gcc/arm-none-eabi/11.3.1/../../../../arm-none-eabi/lib/thumb/v7e-m+fp/hard\libc_nano.a(libc_a-signal.o)
                0x000000000800e42c                raise
 .text._kill_r  0x000000000800e43c       0x24 C:/Users/yinca/STM32CubeIDE_1.13.1/STM32CubeIDE/plugins/com.st.stm32cube.ide.mcu.externaltools.gnu-tools-for-stm32.11.3.rel1.win32_1.1.0.202305231506/tools/bin/../lib/gcc/arm-none-eabi/11.3.1/../../../../arm-none-eabi/lib/thumb/v7e-m+fp/hard\libc_nano.a(libc_a-signalr.o)
                0x000000000800e43c                _kill_r
 .text._getpid_r
                0x000000000800e460        0x4 C:/Users/yinca/STM32CubeIDE_1.13.1/STM32CubeIDE/plugins/com.st.stm32cube.ide.mcu.externaltools.gnu-tools-for-stm32.11.3.rel1.win32_1.1.0.202305231506/tools/bin/../lib/gcc/arm-none-eabi/11.3.1/../../../../arm-none-eabi/lib/thumb/v7e-m+fp/hard\libc_nano.a(libc_a-signalr.o)
                0x000000000800e460                _getpid_r
 .text.__swhatbuf_r
                0x000000000800e464       0x4c C:/Users/yinca/STM32CubeIDE_1.13.1/STM32CubeIDE/plugins/com.st.stm32cube.ide.mcu.externaltools.gnu-tools-for-stm32.11.3.rel1.win32_1.1.0.202305231506/tools/bin/../lib/gcc/arm-none-eabi/11.3.1/../../../../arm-none-eabi/lib/thumb/v7e-m+fp/hard\libc_nano.a(libc_a-makebuf.o)
                0x000000000800e464                __swhatbuf_r
 .text.__smakebuf_r
                0x000000000800e4b0       0x78 C:/Users/yinca/STM32CubeIDE_1.13.1/STM32CubeIDE/plugins/com.st.stm32cube.ide.mcu.externaltools.gnu-tools-for-stm32.11.3.rel1.win32_1.1.0.202305231506/tools/bin/../lib/gcc/arm-none-eabi/11.3.1/../../../../arm-none-eabi/lib/thumb/v7e-m+fp/hard\libc_nano.a(libc_a-makebuf.o)
                0x000000000800e4b0                __smakebuf_r
 .text._fstat_r
                0x000000000800e528       0x24 C:/Users/yinca/STM32CubeIDE_1.13.1/STM32CubeIDE/plugins/com.st.stm32cube.ide.mcu.externaltools.gnu-tools-for-stm32.11.3.rel1.win32_1.1.0.202305231506/tools/bin/../lib/gcc/arm-none-eabi/11.3.1/../../../../arm-none-eabi/lib/thumb/v7e-m+fp/hard\libc_nano.a(libc_a-fstatr.o)
                0x000000000800e528                _fstat_r
 .text._isatty_r
                0x000000000800e54c       0x20 C:/Users/yinca/STM32CubeIDE_1.13.1/STM32CubeIDE/plugins/com.st.stm32cube.ide.mcu.externaltools.gnu-tools-for-stm32.11.3.rel1.win32_1.1.0.202305231506/tools/bin/../lib/gcc/arm-none-eabi/11.3.1/../../../../arm-none-eabi/lib/thumb/v7e-m+fp/hard\libc_nano.a(libc_a-isattyr.o)
                0x000000000800e54c                _isatty_r
 *(.glue_7)
 .glue_7        0x000000000800e56c        0x0 linker stubs
 *(.glue_7t)
 .glue_7t       0x000000000800e56c        0x0 linker stubs
 *(.eh_frame)
 .eh_frame      0x000000000800e56c        0x0 C:/Users/yinca/STM32CubeIDE_1.13.1/STM32CubeIDE/plugins/com.st.stm32cube.ide.mcu.externaltools.gnu-tools-for-stm32.11.3.rel1.win32_1.1.0.202305231506/tools/bin/../lib/gcc/arm-none-eabi/11.3.1/thumb/v7e-m+fp/hard/crtbegin.o
 *(.init)
 .init          0x000000000800e56c        0x4 C:/Users/yinca/STM32CubeIDE_1.13.1/STM32CubeIDE/plugins/com.st.stm32cube.ide.mcu.externaltools.gnu-tools-for-stm32.11.3.rel1.win32_1.1.0.202305231506/tools/bin/../lib/gcc/arm-none-eabi/11.3.1/thumb/v7e-m+fp/hard/crti.o
                0x000000000800e56c                _init
 .init          0x000000000800e570        0x8 C:/Users/yinca/STM32CubeIDE_1.13.1/STM32CubeIDE/plugins/com.st.stm32cube.ide.mcu.externaltools.gnu-tools-for-stm32.11.3.rel1.win32_1.1.0.202305231506/tools/bin/../lib/gcc/arm-none-eabi/11.3.1/thumb/v7e-m+fp/hard/crtn.o
 *(.fini)
 .fini          0x000000000800e578        0x4 C:/Users/yinca/STM32CubeIDE_1.13.1/STM32CubeIDE/plugins/com.st.stm32cube.ide.mcu.externaltools.gnu-tools-for-stm32.11.3.rel1.win32_1.1.0.202305231506/tools/bin/../lib/gcc/arm-none-eabi/11.3.1/thumb/v7e-m+fp/hard/crti.o
                0x000000000800e578                _fini
 .fini          0x000000000800e57c        0x8 C:/Users/yinca/STM32CubeIDE_1.13.1/STM32CubeIDE/plugins/com.st.stm32cube.ide.mcu.externaltools.gnu-tools-for-stm32.11.3.rel1.win32_1.1.0.202305231506/tools/bin/../lib/gcc/arm-none-eabi/11.3.1/thumb/v7e-m+fp/hard/crtn.o
                0x000000000800e584                . = ALIGN (0x4)
                0x000000000800e584                _etext = .

.vfp11_veneer   0x000000000800e584        0x0
 .vfp11_veneer  0x000000000800e584        0x0 linker stubs

.v4_bx          0x000000000800e584        0x0
 .v4_bx         0x000000000800e584        0x0 linker stubs

.iplt           0x000000000800e584        0x0
 .iplt          0x000000000800e584        0x0 C:/Users/yinca/STM32CubeIDE_1.13.1/STM32CubeIDE/plugins/com.st.stm32cube.ide.mcu.externaltools.gnu-tools-for-stm32.11.3.rel1.win32_1.1.0.202305231506/tools/bin/../lib/gcc/arm-none-eabi/11.3.1/thumb/v7e-m+fp/hard/crtbegin.o

.rodata         0x000000000800e588      0xfc4
                0x000000000800e588                . = ALIGN (0x4)
 *(.rodata)
 .rodata        0x000000000800e588       0xa0 ./Core/Src/main.o
 .rodata        0x000000000800e628        0x5 ./Middlewares/Third_Party/FreeRTOS/Source/tasks.o
 *fill*         0x000000000800e62d        0x3 
 .rodata        0x000000000800e630        0xd ./Middlewares/Third_Party/FreeRTOS/Source/timers.o
 *(.rodata*)
 *fill*         0x000000000800e63d        0x3 
 .rodata.defaultTask_attributes
                0x000000000800e640       0x24 ./Core/Src/main.o
                0x000000000800e640                defaultTask_attributes
 .rodata.motorTask_attributes
                0x000000000800e664       0x24 ./Core/Src/main.o
                0x000000000800e664                motorTask_attributes
 .rodata.oledTask_attributes
                0x000000000800e688       0x24 ./Core/Src/main.o
                0x000000000800e688                oledTask_attributes
 .rodata.rpiTask_attributes
                0x000000000800e6ac       0x24 ./Core/Src/main.o
                0x000000000800e6ac                rpiTask_attributes
 .rodata.gyroTask_attributes
                0x000000000800e6d0       0x24 ./Core/Src/main.o
                0x000000000800e6d0                gyroTask_attributes
 .rodata.bulleyesTask_attributes
                0x000000000800e6f4       0x24 ./Core/Src/main.o