../Drivers/CMSIS/Include/core_cm4.h:1939:34:__NVIC_SystemReset	4	static,ignoring_inline_asm
../Core/Src/main.c:195:5:main	8	static
../Core/Src/main.c:330:6:SystemClock_Config	88	static
../Core/Src/main.c:372:13:MX_I2C1_Init	8	static
../Core/Src/main.c:406:13:MX_TIM1_Init	96	static
../Core/Src/main.c:480:13:MX_TIM2_Init	56	static
../Core/Src/main.c:529:13:MX_TIM3_Init	56	static
../Core/Src/main.c:578:13:MX_TIM4_Init	32	static
../Core/Src/main.c:626:13:MX_TIM8_Init	96	static
../Core/Src/main.c:704:13:MX_USART3_UART_Init	8	static
../Core/Src/main.c:737:13:MX_GPIO_Init	56	static
../Core/Src/main.c:801:6:HAL_UART_RxCpltCallback	16	static
../Core/Src/main.c:812:6:HAL_GPIO_EXTI_Callback	16	static
../Core/Src/main.c:822:6:HAL_TIM_IC_CaptureCallback	16	static
../Core/Src/main.c:857:6:delay	16	static
../Core/Src/main.c:864:6:HCSR04_Read	8	static
../Core/Src/main.c:872:6:buzzerBeep	8	static
../Core/Src/main.c:879:6:remoteReset	8	static
../Core/Src/main.c:884:6:moveCarStraight	16	static
../Core/Src/main.c:900:6:moveCarStraight2	16	static
../Core/Src/main.c:916:6:moveCarStop	8	static
../Core/Src/main.c:924:6:moveCarRight	16	static
../Core/Src/main.c:934:6:moveCarRight2	16	static
../Core/Src/main.c:944:6:moveCarRight3	16	static
../Core/Src/main.c:954:6:moveCarLeft	16	static
../Core/Src/main.c:964:6:moveCarLeft2	16	static
../Core/Src/main.c:974:6:moveCarLeft3	16	static
../Core/Src/main.c:984:6:moveCarSlideRight	24	static
../Core/Src/main.c:1006:6:moveCarSlideLeft	24	static
../Core/Src/main.c:1037:6:moveCarRight90	24	static
../Core/Src/main.c:1056:6:moveCarRight902	48	static
../Core/Src/main.c:1076:6:moveCarRight903	48	static
../Core/Src/main.c:1097:6:moveCarLeft90	48	static
../Core/Src/main.c:1117:6:moveCarLeft902	48	static
../Core/Src/main.c:1136:6:moveCarLeft903	48	static
../Core/Src/main.c:1155:5:PID_Control	16	static
../Core/Src/main.c:1196:5:PID_Angle	32	static
../Core/Src/main.c:1237:5:finishCheck	8	static
../Core/Src/main.c:1252:6:readByte	24	static
../Core/Src/main.c:1258:6:writeByte	24	static
../Core/Src/main.c:1264:6:gyroInit	8	static
../Core/Src/main.c:1293:6:StartDefaultTask	40	static
../Core/Src/main.c:1326:6:StartMotorTask	40	static
../Core/Src/main.c:1449:6:StartOledTask	104	static
../Core/Src/main.c:1497:6:StartRpiTask	48	static
../Core/Src/main.c:1986:6:StartGyroTask	56	static
../Core/Src/main.c:2040:6:StartBulleyesTask	16	static
../Core/Src/main.c:2143:6:StartEncoderRightTask	32	static
../Core/Src/main.c:2187:6:StartEncoderLeftTask	32	static
../Core/Src/main.c:2232:6:Error_Handler	4	static,ignoring_inline_asm
