../Drivers/CMSIS/Include/core_cm4.h:1939:34:__NVIC_SystemReset	0	static,ignoring_inline_asm
../Core/Src/main.c:2061:6:StartBulleyesTask	0	static
../Core/Src/main.c:1293:6:StartDefaultTask	8	static
../Core/Src/main.c:2164:6:StartEncoderRightTask	16	static
../Core/Src/main.c:2208:6:StartEncoderLeftTask	16	static
../Core/Src/main.c:330:6:SystemClock_Config	88	static,ignoring_inline_asm
../Core/Src/main.c:195:5:main	120	static,ignoring_inline_asm
../Core/Src/main.c:801:6:HAL_UART_RxCpltCallback	0	static
../Core/Src/main.c:812:6:HAL_GPIO_EXTI_Callback	0	static
../Core/Src/main.c:822:6:HAL_TIM_IC_CaptureCallback	16	static
../Core/Src/main.c:857:6:delay	0	static
../Core/Src/main.c:864:6:HCSR04_Read	8	static
../Core/Src/main.c:1449:6:StartOledTask	104	static
../Core/Src/main.c:872:6:buzzerBeep	8	static
../Core/Src/main.c:879:6:remoteReset	8	static
../Core/Src/main.c:884:6:moveCarStraight	8	static
../Core/Src/main.c:900:6:moveCarStraight2	0	static
../Core/Src/main.c:916:6:moveCarStop	0	static
../Core/Src/main.c:924:6:moveCarRight	16	static
../Core/Src/main.c:934:6:moveCarRight2	16	static
../Core/Src/main.c:944:6:moveCarRight3	16	static
../Core/Src/main.c:954:6:moveCarLeft	16	static
../Core/Src/main.c:964:6:moveCarLeft2	16	static
../Core/Src/main.c:974:6:moveCarLeft3	16	static
../Core/Src/main.c:1155:5:PID_Control	16	static
../Core/Src/main.c:1196:5:PID_Angle	16	static
../Core/Src/main.c:1326:6:StartMotorTask	40	static
../Core/Src/main.c:1237:5:finishCheck	8	static
../Core/Src/main.c:984:6:moveCarSlideRight	24	static
../Core/Src/main.c:1006:6:moveCarSlideLeft	24	static
../Core/Src/main.c:1037:6:moveCarRight90	8	static
../Core/Src/main.c:1056:6:moveCarRight902	8	static
../Core/Src/main.c:1076:6:moveCarRight903	8	static
../Core/Src/main.c:1097:6:moveCarLeft90	8	static
../Core/Src/main.c:1117:6:moveCarLeft902	8	static
../Core/Src/main.c:1136:6:moveCarLeft903	8	static
../Core/Src/main.c:1497:6:StartRpiTask	64	static
../Core/Src/main.c:1252:6:readByte	24	static
../Core/Src/main.c:1258:6:writeByte	16	static
../Core/Src/main.c:1264:6:gyroInit	8	static
../Core/Src/main.c:2007:6:StartGyroTask	56	static
../Core/Src/main.c:2253:6:Error_Handler	0	static,ignoring_inline_asm
